Archive member included to satisfy reference by file (symbol)

/usr/lib/gcc/arm-none-eabi/10.3.1/../../../arm-none-eabi/lib/thumb/v7-m/nofp/libg_nano.a(lib_a-atexit.o)
                              /usr/lib/gcc/arm-none-eabi/10.3.1/../../../arm-none-eabi/lib/thumb/v7-m/nofp/crt0.o (atexit)
/usr/lib/gcc/arm-none-eabi/10.3.1/../../../arm-none-eabi/lib/thumb/v7-m/nofp/libg_nano.a(lib_a-ctype_.o)
                              CMakeFiles/bl602_flash_programmer.dir/App/sd_file_demo.c.obj (_ctype_)
/usr/lib/gcc/arm-none-eabi/10.3.1/../../../arm-none-eabi/lib/thumb/v7-m/nofp/libg_nano.a(lib_a-errno.o)
                              CMakeFiles/bl602_flash_programmer.dir/Core/Src/sysmem.c.obj (__errno)
/usr/lib/gcc/arm-none-eabi/10.3.1/../../../arm-none-eabi/lib/thumb/v7-m/nofp/libg_nano.a(lib_a-exit.o)
                              /usr/lib/gcc/arm-none-eabi/10.3.1/../../../arm-none-eabi/lib/thumb/v7-m/nofp/crt0.o (exit)
/usr/lib/gcc/arm-none-eabi/10.3.1/../../../arm-none-eabi/lib/thumb/v7-m/nofp/libg_nano.a(lib_a-fini.o)
                              /usr/lib/gcc/arm-none-eabi/10.3.1/../../../arm-none-eabi/lib/thumb/v7-m/nofp/crt0.o (__libc_fini_array)
/usr/lib/gcc/arm-none-eabi/10.3.1/../../../arm-none-eabi/lib/thumb/v7-m/nofp/libg_nano.a(lib_a-impure.o)
                              /usr/lib/gcc/arm-none-eabi/10.3.1/../../../arm-none-eabi/lib/thumb/v7-m/nofp/libg_nano.a(lib_a-exit.o) (_global_impure_ptr)
/usr/lib/gcc/arm-none-eabi/10.3.1/../../../arm-none-eabi/lib/thumb/v7-m/nofp/libg_nano.a(lib_a-init.o)
                              /usr/lib/gcc/arm-none-eabi/10.3.1/../../../arm-none-eabi/lib/thumb/v7-m/nofp/crt0.o (__libc_init_array)
/usr/lib/gcc/arm-none-eabi/10.3.1/../../../arm-none-eabi/lib/thumb/v7-m/nofp/libg_nano.a(lib_a-memcmp.o)
                              CMakeFiles/bl602_flash_programmer.dir/App/bootrom_isp.c.obj (memcmp)
/usr/lib/gcc/arm-none-eabi/10.3.1/../../../arm-none-eabi/lib/thumb/v7-m/nofp/libg_nano.a(lib_a-memcpy.o)
                              CMakeFiles/bl602_flash_programmer.dir/App/bootrom_isp.c.obj (memcpy)
/usr/lib/gcc/arm-none-eabi/10.3.1/../../../arm-none-eabi/lib/thumb/v7-m/nofp/libg_nano.a(lib_a-memmove.o)
                              CMakeFiles/bl602_flash_programmer.dir/App/bootrom_isp.c.obj (memmove)
/usr/lib/gcc/arm-none-eabi/10.3.1/../../../arm-none-eabi/lib/thumb/v7-m/nofp/libg_nano.a(lib_a-memset.o)
                              /usr/lib/gcc/arm-none-eabi/10.3.1/../../../arm-none-eabi/lib/thumb/v7-m/nofp/crt0.o (memset)
/usr/lib/gcc/arm-none-eabi/10.3.1/../../../arm-none-eabi/lib/thumb/v7-m/nofp/libg_nano.a(lib_a-snprintf.o)
                              CMakeFiles/bl602_flash_programmer.dir/App/sd_file_demo.c.obj (snprintf)
/usr/lib/gcc/arm-none-eabi/10.3.1/../../../arm-none-eabi/lib/thumb/v7-m/nofp/libg_nano.a(lib_a-strcmp.o)
                              CMakeFiles/bl602_flash_programmer.dir/App/sd_file_demo.c.obj (strcmp)
/usr/lib/gcc/arm-none-eabi/10.3.1/../../../arm-none-eabi/lib/thumb/v7-m/nofp/libg_nano.a(lib_a-strlen-stub.o)
                              CMakeFiles/bl602_flash_programmer.dir/App/sd_file_demo.c.obj (strlen)
/usr/lib/gcc/arm-none-eabi/10.3.1/../../../arm-none-eabi/lib/thumb/v7-m/nofp/libg_nano.a(lib_a-vsnprintf.o)
                              CMakeFiles/bl602_flash_programmer.dir/App/isp_log.c.obj (vsnprintf)
/usr/lib/gcc/arm-none-eabi/10.3.1/../../../arm-none-eabi/lib/thumb/v7-m/nofp/libg_nano.a(lib_a-__atexit.o)
                              /usr/lib/gcc/arm-none-eabi/10.3.1/../../../arm-none-eabi/lib/thumb/v7-m/nofp/libg_nano.a(lib_a-atexit.o) (__register_exitproc)
/usr/lib/gcc/arm-none-eabi/10.3.1/../../../arm-none-eabi/lib/thumb/v7-m/nofp/libg_nano.a(lib_a-__call_atexit.o)
                              /usr/lib/gcc/arm-none-eabi/10.3.1/../../../arm-none-eabi/lib/thumb/v7-m/nofp/libg_nano.a(lib_a-__atexit.o) (__call_exitprocs)
/usr/lib/gcc/arm-none-eabi/10.3.1/../../../arm-none-eabi/lib/thumb/v7-m/nofp/libg_nano.a(lib_a-nano-svfprintf.o)
                              /usr/lib/gcc/arm-none-eabi/10.3.1/../../../arm-none-eabi/lib/thumb/v7-m/nofp/libg_nano.a(lib_a-snprintf.o) (_svfprintf_r)
/usr/lib/gcc/arm-none-eabi/10.3.1/../../../arm-none-eabi/lib/thumb/v7-m/nofp/libg_nano.a(lib_a-nano-vfprintf_i.o)
                              /usr/lib/gcc/arm-none-eabi/10.3.1/../../../arm-none-eabi/lib/thumb/v7-m/nofp/libg_nano.a(lib_a-nano-svfprintf.o) (_printf_i)
/usr/lib/gcc/arm-none-eabi/10.3.1/../../../arm-none-eabi/lib/thumb/v7-m/nofp/libg_nano.a(lib_a-memchr-stub.o)
                              /usr/lib/gcc/arm-none-eabi/10.3.1/../../../arm-none-eabi/lib/thumb/v7-m/nofp/libg_nano.a(lib_a-nano-svfprintf.o) (memchr)
/usr/lib/gcc/arm-none-eabi/10.3.1/../../../arm-none-eabi/lib/thumb/v7-m/nofp/libg_nano.a(lib_a-nano-freer.o)
                              /usr/lib/gcc/arm-none-eabi/10.3.1/../../../arm-none-eabi/lib/thumb/v7-m/nofp/libg_nano.a(lib_a-nano-svfprintf.o) (_free_r)
[...]
Memory Configuration

Name             Origin             Length             Attributes
RAM              0x0000000020000000 0x0000000000005000 xrw
FLASH            0x0000000008000000 0x0000000000010000 xr
*default*        0x0000000000000000 0xffffffffffffffff

Linker script and memory map

LOAD /usr/lib/gcc/arm-none-eabi/10.3.1/thumb/v7-m/nofp/crti.o
LOAD /usr/lib/gcc/arm-none-eabi/10.3.1/thumb/v7-m/nofp/crtbegin.o
LOAD /usr/lib/gcc/arm-none-eabi/10.3.1/../../../arm-none-eabi/lib/thumb/v7-m/nofp/crt0.o
LOAD cmake/stm32cubemx/CMakeFiles/STM32_Drivers.dir/__/__/Core/Src/system_stm32f1xx.c.obj
LOAD cmake/stm32cubemx/CMakeFiles/STM32_Drivers.dir/__/__/Drivers/STM32F1xx_HAL_Driver/Src/stm32f1xx_hal_gpio_ex.c.obj
LOAD cmake/stm32cubemx/CMakeFiles/STM32_Drivers.dir/__/__/Drivers/STM32F1xx_HAL_Driver/Src/stm32f1xx_hal.c.obj
LOAD cmake/stm32cubemx/CMakeFiles/STM32_Drivers.dir/__/__/Drivers/STM32F1xx_HAL_Driver/Src/stm32f1xx_hal_rcc.c.obj
LOAD cmake/stm32cubemx/CMakeFiles/STM32_Drivers.dir/__/__/Drivers/STM32F1xx_HAL_Driver/Src/stm32f1xx_hal_rcc_ex.c.obj
LOAD cmake/stm32cubemx/CMakeFiles/STM32_Drivers.dir/__/__/Drivers/STM32F1xx_HAL_Driver/Src/stm32f1xx_hal_gpio.c.obj
LOAD cmake/stm32cubemx/CMakeFiles/STM32_Drivers.dir/__/__/Drivers/STM32F1xx_HAL_Driver/Src/stm32f1xx_hal_dma.c.obj
LOAD cmake/stm32cubemx/CMakeFiles/STM32_Drivers.dir/__/__/Drivers/STM32F1xx_HAL_Driver/Src/stm32f1xx_hal_cortex.c.obj
LOAD cmake/stm32cubemx/CMakeFiles/STM32_Drivers.dir/__/__/Drivers/STM32F1xx_HAL_Driver/Src/stm32f1xx_hal_pwr.c.obj
LOAD cmake/stm32cubemx/CMakeFiles/STM32_Drivers.dir/__/__/Drivers/STM32F1xx_HAL_Driver/Src/stm32f1xx_hal_flash.c.obj
LOAD cmake/stm32cubemx/CMakeFiles/STM32_Drivers.dir/__/__/Drivers/STM32F1xx_HAL_Driver/Src/stm32f1xx_hal_flash_ex.c.obj
LOAD cmake/stm32cubemx/CMakeFiles/STM32_Drivers.dir/__/__/Drivers/STM32F1xx_HAL_Driver/Src/stm32f1xx_hal_exti.c.obj
LOAD cmake/stm32cubemx/CMakeFiles/STM32_Drivers.dir/__/__/Drivers/STM32F1xx_HAL_Driver/Src/stm32f1xx_hal_rtc.c.obj
LOAD cmake/stm32cubemx/CMakeFiles/STM32_Drivers.dir/__/__/Drivers/STM32F1xx_HAL_Driver/Src/stm32f1xx_hal_rtc_ex.c.obj
LOAD cmake/stm32cubemx/CMakeFiles/STM32_Drivers.dir/__/__/Drivers/STM32F1xx_HAL_Driver/Src/stm32f1xx_hal_spi.c.obj
LOAD cmake/stm32cubemx/CMakeFiles/STM32_Drivers.dir/__/__/Drivers/STM32F1xx_HAL_Driver/Src/stm32f1xx_hal_uart.c.obj
LOAD cmake/stm32cubemx/CMakeFiles/FatFs.dir/__/__/Middlewares/Third_Party/FatFs/src/diskio.c.obj
LOAD cmake/stm32cubemx/CMakeFiles/FatFs.dir/__/__/Middlewares/Third_Party/FatFs/src/ff.c.obj
LOAD cmake/stm32cubemx/CMakeFiles/FatFs.dir/__/__/Middlewares/Third_Party/FatFs/src/ff_gen_drv.c.obj
LOAD cmake/stm32cubemx/CMakeFiles/FatFs.dir/__/__/Middlewares/Third_Party/FatFs/src/option/syscall.c.obj
LOAD cmake/stm32cubemx/CMakeFiles/FatFs.dir/__/__/Middlewares/Third_Party/FatFs/src/option/unicode.c.obj
LOAD CMakeFiles/bl602_flash_programmer.dir/FATFS/App/fatfs.c.obj
LOAD CMakeFiles/bl602_flash_programmer.dir/FATFS/Target/user_diskio.c.obj
LOAD CMakeFiles/bl602_flash_programmer.dir/Core/Src/main.c.obj
LOAD CMakeFiles/bl602_flash_programmer.dir/Core/Src/stm32f1xx_it.c.obj
LOAD CMakeFiles/bl602_flash_programmer.dir/Core/Src/stm32f1xx_hal_msp.c.obj
LOAD CMakeFiles/bl602_flash_programmer.dir/Core/Src/sysmem.c.obj
LOAD CMakeFiles/bl602_flash_programmer.dir/Core/Src/syscalls.c.obj
LOAD CMakeFiles/bl602_flash_programmer.dir/startup_stm32f103xb.s.obj
LOAD CMakeFiles/bl602_flash_programmer.dir/App/bootrom_isp.c.obj
LOAD CMakeFiles/bl602_flash_programmer.dir/App/isp_log.c.obj
LOAD CMakeFiles/bl602_flash_programmer.dir/App/sd_file_demo.c.obj
LOAD CMakeFiles/bl602_flash_programmer.dir/FATFS/Target/fatfs_sd.c.obj
LOAD /usr/lib/gcc/arm-none-eabi/10.3.1/../../../arm-none-eabi/lib/thumb/v7-m/nofp/libm.a
START GROUP
LOAD /usr/lib/gcc/arm-none-eabi/10.3.1/thumb/v7-m/nofp/libgcc.a
LOAD /usr/lib/gcc/arm-none-eabi/10.3.1/../../../arm-none-eabi/lib/thumb/v7-m/nofp/libg_nano.a
LOAD /usr/lib/gcc/arm-none-eabi/10.3.1/../../../arm-none-eabi/lib/thumb/v7-m/nofp/libc_nano.a
END GROUP
START GROUP
LOAD /usr/lib/gcc/arm-none-eabi/10.3.1/thumb/v7-m/nofp/libgcc.a
LOAD /usr/lib/gcc/arm-none-eabi/10.3.1/../../../arm-none-eabi/lib/thumb/v7-m/nofp/libc_nano.a
END GROUP
LOAD /usr/lib/gcc/arm-none-eabi/10.3.1/thumb/v7-m/nofp/crtend.o
LOAD /usr/lib/gcc/arm-none-eabi/10.3.1/thumb/v7-m/nofp/crtn.o
                0x0000000020005000                _estack = (ORIGIN (RAM) + LENGTH (RAM))
                0x0000000020004c00                _sstack = (_estack - _Min_Stack_Size)
                0x0000000000000200                _Min_Heap_Size = 0x200
                0x0000000000000400                _Min_Stack_Size = 0x400

.isr_vector     0x0000000008000000      0x10c
                0x0000000008000000                . = ALIGN (0x4)
 *(.isr_vector)
 .isr_vector    0x0000000008000000      0x10c CMakeFiles/bl602_flash_programmer.dir/startup_stm32f103xb.s.obj
                0x0000000008000000                g_pfnVectors
                0x000000000800010c                . = ALIGN (0x4)

.text           0x000000000800010c     0x5d64
                0x000000000800010c                . = ALIGN (0x4)
 *(.text)
 .text          0x000000000800010c       0x88 /usr/lib/gcc/arm-none-eabi/10.3.1/thumb/v7-m/nofp/crtbegin.o
 .text          0x0000000008000194        0xc /usr/lib/gcc/arm-none-eabi/10.3.1/../../../arm-none-eabi/lib/thumb/v7-m/nofp/libg_nano.a(lib_a-errno.o)
                0x0000000008000194                __errno
 .text          0x00000000080001a0       0x48 /usr/lib/gcc/arm-none-eabi/10.3.1/../../../arm-none-eabi/lib/thumb/v7-m/nofp/libg_nano.a(lib_a-init.o)
                0x00000000080001a0                __libc_init_array
 .text          0x00000000080001e8       0x68 /usr/lib/gcc/arm-none-eabi/10.3.1/../../../arm-none-eabi/lib/thumb/v7-m/nofp/libg_nano.a(lib_a-memcmp.o)
                0x00000000080001e8                memcmp
 .text          0x0000000008000250       0xec /usr/lib/gcc/arm-none-eabi/10.3.1/../../../arm-none-eabi/lib/thumb/v7-m/nofp/libg_nano.a(lib_a-memcpy.o)
                0x0000000008000250                memcpy
 .text          0x000000000800033c       0xf8 /usr/lib/gcc/arm-none-eabi/10.3.1/../../../arm-none-eabi/lib/thumb/v7-m/nofp/libg_nano.a(lib_a-memmove.o)
                0x000000000800033c                memmove
 .text          0x0000000008000434       0xa4 /usr/lib/gcc/arm-none-eabi/10.3.1/../../../arm-none-eabi/lib/thumb/v7-m/nofp/libg_nano.a(lib_a-memset.o)
                0x0000000008000434                memset
 .text          0x00000000080004d8      0x100 /usr/lib/gcc/arm-none-eabi/10.3.1/../../../arm-none-eabi/lib/thumb/v7-m/nofp/libg_nano.a(lib_a-snprintf.o)
                0x00000000080004d8                _sniprintf_r
                0x00000000080004d8                _snprintf_r
                0x0000000008000554                snprintf
                0x0000000008000554                sniprintf
 .text          0x00000000080005d8      0x1bc /usr/lib/gcc/arm-none-eabi/10.3.1/../../../arm-none-eabi/lib/thumb/v7-m/nofp/libg_nano.a(lib_a-strcmp.o)
                0x00000000080005d8                strcmp
 .text          0x0000000008000794       0x5c /usr/lib/gcc/arm-none-eabi/10.3.1/../../../arm-none-eabi/lib/thumb/v7-m/nofp/libg_nano.a(lib_a-strlen-stub.o)
                0x0000000008000794                strlen
 .text          0x00000000080007f0       0xd8 /usr/lib/gcc/arm-none-eabi/10.3.1/../../../arm-none-eabi/lib/thumb/v7-m/nofp/libg_nano.a(lib_a-vsnprintf.o)
                0x00000000080007f0                vsnprintf
                0x00000000080007f0                vsniprintf
                0x000000000800085c                _vsnprintf_r
                0x000000000800085c                _vsniprintf_r
 .text          0x00000000080008c8      0x3f4 /usr/lib/gcc/arm-none-eabi/10.3.1/../../../arm-none-eabi/lib/thumb/v7-m/nofp/libg_nano.a(lib_a-nano-svfprintf.o)
                0x00000000080008c8                __ssputs_r
                0x000000000800098c                __ssprint_r
                0x0000000008000a88                _svfprintf_r
                0x0000000008000a88                _svfiprintf_r
 .text          0x0000000008000cbc      0x3d8 /usr/lib/gcc/arm-none-eabi/10.3.1/../../../arm-none-eabi/lib/thumb/v7-m/nofp/libg_nano.a(lib_a-nano-vfprintf_i.o)
                0x0000000008000cbc                _printf_common
                0x0000000008000de8                _printf_i
 .text          0x0000000008001094       0x90 /usr/lib/gcc/arm-none-eabi/10.3.1/../../../arm-none-eabi/lib/thumb/v7-m/nofp/libg_nano.a(lib_a-memchr-stub.o)
                0x0000000008001094                memchr
 .text          0x0000000008001124       0xcc /usr/lib/gcc/arm-none-eabi/10.3.1/../../../arm-none-eabi/lib/thumb/v7-m/nofp/libg_nano.a(lib_a-nano-freer.o)
                0x0000000008001124                _free_r
 .text          0x00000000080011f0       0xb8 /usr/lib/gcc/arm-none-eabi/10.3.1/../../../arm-none-eabi/lib/thumb/v7-m/nofp/libg_nano.a(lib_a-nano-mallocr.o)
                0x00000000080011f0                _malloc_r
 .text          0x00000000080012a8       0x50 /usr/lib/gcc/arm-none-eabi/10.3.1/../../../arm-none-eabi/lib/thumb/v7-m/nofp/libg_nano.a(lib_a-nano-reallocr.o)
                0x00000000080012a8                _realloc_r
 .text          0x00000000080012f8       0x24 /usr/lib/gcc/arm-none-eabi/10.3.1/../../../arm-none-eabi/lib/thumb/v7-m/nofp/libg_nano.a(lib_a-sbrkr.o)
                0x00000000080012f8                _sbrk_r
 .text          0x000000000800131c        0x8 /usr/lib/gcc/arm-none-eabi/10.3.1/../../../arm-none-eabi/lib/thumb/v7-m/nofp/libg_nano.a(lib_a-mlock.o)
                0x000000000800131c                __malloc_lock
                0x0000000008001320                __malloc_unlock
 .text          0x0000000008001324       0x14 /usr/lib/gcc/arm-none-eabi/10.3.1/../../../arm-none-eabi/lib/thumb/v7-m/nofp/libg_nano.a(lib_a-nano-msizer.o)
                0x0000000008001324                _malloc_usable_size_r
 *(.text*)
 .text.SystemInit
                0x0000000008001338        0x2 cmake/stm32cubemx/CMakeFiles/STM32_Drivers.dir/__/__/Core/Src/system_stm32f1xx.c.obj
                0x0000000008001338                SystemInit
 *fill*         0x000000000800133a        0x2 
 .text.HAL_InitTick
                0x000000000800133c       0x48 cmake/stm32cubemx/CMakeFiles/STM32_Drivers.dir/__/__/Drivers/STM32F1xx_HAL_Driver/Src/stm32f1xx_hal.c.obj
                0x000000000800133c                HAL_InitTick
 .text.HAL_Init
                0x0000000008001384       0x24 cmake/stm32cubemx/CMakeFiles/STM32_Drivers.dir/__/__/Drivers/STM32F1xx_HAL_Driver/Src/stm32f1xx_hal.c.obj
                0x0000000008001384                HAL_Init
 .text.HAL_IncTick
                0x00000000080013a8       0x18 cmake/stm32cubemx/CMakeFiles/STM32_Drivers.dir/__/__/Drivers/STM32F1xx_HAL_Driver/Src/stm32f1xx_hal.c.obj
                0x00000000080013a8                HAL_IncTick
 .text.HAL_GetTick
                0x00000000080013c0        0xc cmake/stm32cubemx/CMakeFiles/STM32_Drivers.dir/__/__/Drivers/STM32F1xx_HAL_Driver/Src/stm32f1xx_hal.c.obj
                0x00000000080013c0                HAL_GetTick
 .text.HAL_Delay
                0x00000000080013cc       0x24 cmake/stm32cubemx/CMakeFiles/STM32_Drivers.dir/__/__/Drivers/STM32F1xx_HAL_Driver/Src/stm32f1xx_hal.c.obj
                0x00000000080013cc                HAL_Delay
 .text.HAL_RCC_OscConfig
                0x00000000080013f0      0x338 cmake/stm32cubemx/CMakeFiles/STM32_Drivers.dir/__/__/Drivers/STM32F1xx_HAL_Driver/Src/stm32f1xx_hal_rcc.c.obj
                0x00000000080013f0                HAL_RCC_OscConfig
 .text.HAL_RCC_GetSysClockFreq
                0x0000000008001728       0x4c cmake/stm32cubemx/CMakeFiles/STM32_Drivers.dir/__/__/Drivers/STM32F1xx_HAL_Driver/Src/stm32f1xx_hal_rcc.c.obj
                0x0000000008001728                HAL_RCC_GetSysClockFreq
 .text.HAL_RCC_ClockConfig
                0x0000000008001774      0x138 cmake/stm32cubemx/CMakeFiles/STM32_Drivers.dir/__/__/Drivers/STM32F1xx_HAL_Driver/Src/stm32f1xx_hal_rcc.c.obj
                0x0000000008001774                HAL_RCC_ClockConfig
 .text.HAL_RCC_GetPCLK1Freq
                0x00000000080018ac       0x20 cmake/stm32cubemx/CMakeFiles/STM32_Drivers.dir/__/__/Drivers/STM32F1xx_HAL_Driver/Src/stm32f1xx_hal_rcc.c.obj
                0x00000000080018ac                HAL_RCC_GetPCLK1Freq
 .text.HAL_RCC_GetPCLK2Freq
                0x00000000080018cc       0x20 cmake/stm32cubemx/CMakeFiles/STM32_Drivers.dir/__/__/Drivers/STM32F1xx_HAL_Driver/Src/stm32f1xx_hal_rcc.c.obj
                0x00000000080018cc                HAL_RCC_GetPCLK2Freq
 .text.HAL_RCCEx_GetPeriphCLKFreq
                0x00000000080018ec       0xbc cmake/stm32cubemx/CMakeFiles/STM32_Drivers.dir/__/__/Drivers/STM32F1xx_HAL_Driver/Src/stm32f1xx_hal_rcc_ex.c.obj
                0x00000000080018ec                HAL_RCCEx_GetPeriphCLKFreq
 .text.HAL_GPIO_Init
                0x00000000080019a8      0x1b4 cmake/stm32cubemx/CMakeFiles/STM32_Drivers.dir/__/__/Drivers/STM32F1xx_HAL_Driver/Src/stm32f1xx_hal_gpio.c.obj
                0x00000000080019a8                HAL_GPIO_Init
 .text.HAL_GPIO_WritePin
                0x0000000008001b5c        0xa cmake/stm32cubemx/CMakeFiles/STM32_Drivers.dir/__/__/Drivers/STM32F1xx_HAL_Driver/Src/stm32f1xx_hal_gpio.c.obj
                0x0000000008001b5c                HAL_GPIO_WritePin
 *fill*         0x0000000008001b66        0x2 
 .text.HAL_DMA_Init
                0x0000000008001b68       0x64 cmake/stm32cubemx/CMakeFiles/STM32_Drivers.dir/__/__/Drivers/STM32F1xx_HAL_Driver/Src/stm32f1xx_hal_dma.c.obj
                0x0000000008001b68                HAL_DMA_Init
 .text.HAL_DMA_IRQHandler
                0x0000000008001bcc      0x128 cmake/stm32cubemx/CMakeFiles/STM32_Drivers.dir/__/__/Drivers/STM32F1xx_HAL_Driver/Src/stm32f1xx_hal_dma.c.obj
                0x0000000008001bcc                HAL_DMA_IRQHandler
 .text.HAL_NVIC_SetPriorityGrouping
                0x0000000008001cf4       0x24 cmake/stm32cubemx/CMakeFiles/STM32_Drivers.dir/__/__/Drivers/STM32F1xx_HAL_Driver/Src/stm32f1xx_hal_cortex.c.obj
                0x0000000008001cf4                HAL_NVIC_SetPriorityGrouping
 .text.HAL_NVIC_SetPriority
                0x0000000008001d18       0x64 cmake/stm32cubemx/CMakeFiles/STM32_Drivers.dir/__/__/Drivers/STM32F1xx_HAL_Driver/Src/stm32f1xx_hal_cortex.c.obj
                0x0000000008001d18                HAL_NVIC_SetPriority
 .text.HAL_NVIC_EnableIRQ
                0x0000000008001d7c       0x1c cmake/stm32cubemx/CMakeFiles/STM32_Drivers.dir/__/__/Drivers/STM32F1xx_HAL_Driver/Src/stm32f1xx_hal_cortex.c.obj
                0x0000000008001d7c                HAL_NVIC_EnableIRQ
 .text.HAL_NVIC_DisableIRQ
                0x0000000008001d98       0x28 cmake/stm32cubemx/CMakeFiles/STM32_Drivers.dir/__/__/Drivers/STM32F1xx_HAL_Driver/Src/stm32f1xx_hal_cortex.c.obj
                0x0000000008001d98                HAL_NVIC_DisableIRQ
 .text.HAL_SYSTICK_Config
                0x0000000008001dc0       0x28 cmake/stm32cubemx/CMakeFiles/STM32_Drivers.dir/__/__/Drivers/STM32F1xx_HAL_Driver/Src/stm32f1xx_hal_cortex.c.obj
                0x0000000008001dc0                HAL_SYSTICK_Config
 .text.HAL_PWR_EnableBkUpAccess
                0x0000000008001de8        0xc cmake/stm32cubemx/CMakeFiles/STM32_Drivers.dir/__/__/Drivers/STM32F1xx_HAL_Driver/Src/stm32f1xx_hal_pwr.c.obj
                0x0000000008001de8                HAL_PWR_EnableBkUpAccess
 .text.RTC_EnterInitMode
                0x0000000008001df4       0x2e cmake/stm32cubemx/CMakeFiles/STM32_Drivers.dir/__/__/Drivers/STM32F1xx_HAL_Driver/Src/stm32f1xx_hal_rtc.c.obj
 .text.RTC_ExitInitMode
                0x0000000008001e22       0x30 cmake/stm32cubemx/CMakeFiles/STM32_Drivers.dir/__/__/Drivers/STM32F1xx_HAL_Driver/Src/stm32f1xx_hal_rtc.c.obj
 .text.HAL_RTC_WaitForSynchro
                0x0000000008001e52       0x36 cmake/stm32cubemx/CMakeFiles/STM32_Drivers.dir/__/__/Drivers/STM32F1xx_HAL_Driver/Src/stm32f1xx_hal_rtc.c.obj
                0x0000000008001e52                HAL_RTC_WaitForSynchro
 .text.HAL_RTC_Init
                0x0000000008001e88       0x90 cmake/stm32cubemx/CMakeFiles/STM32_Drivers.dir/__/__/Drivers/STM32F1xx_HAL_Driver/Src/stm32f1xx_hal_rtc.c.obj
                0x0000000008001e88                HAL_RTC_Init
 .text.SPI_WaitFlagStateUntilTimeout
                0x0000000008001f18       0xb8 cmake/stm32cubemx/CMakeFiles/STM32_Drivers.dir/__/__/Drivers/STM32F1xx_HAL_Driver/Src/stm32f1xx_hal_spi.c.obj
 .text.SPI_EndRxTxTransaction
                0x0000000008001fd0       0x38 cmake/stm32cubemx/CMakeFiles/STM32_Drivers.dir/__/__/Drivers/STM32F1xx_HAL_Driver/Src/stm32f1xx_hal_spi.c.obj
 .text.HAL_SPI_Init
                0x0000000008002008       0xb0 cmake/stm32cubemx/CMakeFiles/STM32_Drivers.dir/__/__/Drivers/STM32F1xx_HAL_Driver/Src/stm32f1xx_hal_spi.c.obj
                0x0000000008002008                HAL_SPI_Init
 .text.HAL_SPI_Transmit
                0x00000000080020b8      0x160 cmake/stm32cubemx/CMakeFiles/STM32_Drivers.dir/__/__/Drivers/STM32F1xx_HAL_Driver/Src/stm32f1xx_hal_spi.c.obj
                0x00000000080020b8                HAL_SPI_Transmit
 .text.HAL_SPI_TransmitReceive
                0x0000000008002218      0x1fc cmake/stm32cubemx/CMakeFiles/STM32_Drivers.dir/__/__/Drivers/STM32F1xx_HAL_Driver/Src/stm32f1xx_hal_spi.c.obj
                0x0000000008002218                HAL_SPI_TransmitReceive
 .text.HAL_SPI_GetState
                0x0000000008002414        0x6 cmake/stm32cubemx/CMakeFiles/STM32_Drivers.dir/__/__/Drivers/STM32F1xx_HAL_Driver/Src/stm32f1xx_hal_spi.c.obj
                0x0000000008002414                HAL_SPI_GetState
 .text.UART_EndRxTransfer
                0x000000000800241a       0x5c cmake/stm32cubemx/CMakeFiles/STM32_Drivers.dir/__/__/Drivers/STM32F1xx_HAL_Driver/Src/stm32f1xx_hal_uart.c.obj
 *fill*         0x0000000008002476        0x2 
 .text.UART_SetConfig
                0x0000000008002478       0x74 cmake/stm32cubemx/CMakeFiles/STM32_Drivers.dir/__/__/Drivers/STM32F1xx_HAL_Driver/Src/stm32f1xx_hal_uart.c.obj
 .text.UART_WaitOnFlagUntilTimeout.constprop.0
                0x00000000080024ec       0x64 cmake/stm32cubemx/CMakeFiles/STM32_Drivers.dir/__/__/Drivers/STM32F1xx_HAL_Driver/Src/stm32f1xx_hal_uart.c.obj
 .text.HAL_UART_Init
                0x0000000008002550       0x5e cmake/stm32cubemx/CMakeFiles/STM32_Drivers.dir/__/__/Drivers/STM32F1xx_HAL_Driver/Src/stm32f1xx_hal_uart.c.obj
                0x0000000008002550                HAL_UART_Init
 .text.HAL_UART_Transmit
                0x00000000080025ae       0x9c cmake/stm32cubemx/CMakeFiles/STM32_Drivers.dir/__/__/Drivers/STM32F1xx_HAL_Driver/Src/stm32f1xx_hal_uart.c.obj
                0x00000000080025ae                HAL_UART_Transmit
 .text.HAL_UART_Receive
                0x000000000800264a       0xae cmake/stm32cubemx/CMakeFiles/STM32_Drivers.dir/__/__/Drivers/STM32F1xx_HAL_Driver/Src/stm32f1xx_hal_uart.c.obj
                0x000000000800264a                HAL_UART_Receive
 .text.disk_status
                0x00000000080026f8       0x14 cmake/stm32cubemx/CMakeFiles/FatFs.dir/__/__/Middlewares/Third_Party/FatFs/src/diskio.c.obj
                0x00000000080026f8                disk_status
 .text.disk_initialize
                0x000000000800270c       0x20 cmake/stm32cubemx/CMakeFiles/FatFs.dir/__/__/Middlewares/Third_Party/FatFs/src/diskio.c.obj
                0x000000000800270c                disk_initialize
 .text.disk_read
                0x000000000800272c       0x1c cmake/stm32cubemx/CMakeFiles/FatFs.dir/__/__/Middlewares/Third_Party/FatFs/src/diskio.c.obj
                0x000000000800272c                disk_read
 .text.disk_write
                0x0000000008002748       0x1c cmake/stm32cubemx/CMakeFiles/FatFs.dir/__/__/Middlewares/Third_Party/FatFs/src/diskio.c.obj
                0x0000000008002748                disk_write
 .text.disk_ioctl
                0x0000000008002764       0x18 cmake/stm32cubemx/CMakeFiles/FatFs.dir/__/__/Middlewares/Third_Party/FatFs/src/diskio.c.obj
                0x0000000008002764                disk_ioctl
 .text.mem_cpy  0x000000000800277c       0x14 cmake/stm32cubemx/CMakeFiles/FatFs.dir/__/__/Middlewares/Third_Party/FatFs/src/ff.c.obj
 .text.mem_set  0x0000000008002790        0xe cmake/stm32cubemx/CMakeFiles/FatFs.dir/__/__/Middlewares/Third_Party/FatFs/src/ff.c.obj
 *fill*         0x000000000800279e        0x2 
 .text.chk_lock
                0x00000000080027a0       0x84 cmake/stm32cubemx/CMakeFiles/FatFs.dir/__/__/Middlewares/Third_Party/FatFs/src/ff.c.obj
 .text.inc_lock
                0x0000000008002824       0x98 cmake/stm32cubemx/CMakeFiles/FatFs.dir/__/__/Middlewares/Third_Party/FatFs/src/ff.c.obj
 .text.dec_lock
                0x00000000080028bc       0x40 cmake/stm32cubemx/CMakeFiles/FatFs.dir/__/__/Middlewares/Third_Party/FatFs/src/ff.c.obj
 .text.clear_lock
                0x00000000080028fc       0x1c cmake/stm32cubemx/CMakeFiles/FatFs.dir/__/__/Middlewares/Third_Party/FatFs/src/ff.c.obj
 .text.clmt_clust
                0x0000000008002918       0x28 cmake/stm32cubemx/CMakeFiles/FatFs.dir/__/__/Middlewares/Third_Party/FatFs/src/ff.c.obj
 .text.sum_sfn  0x0000000008002940       0x1e cmake/stm32cubemx/CMakeFiles/FatFs.dir/__/__/Middlewares/Third_Party/FatFs/src/ff.c.obj
 .text.get_ldnumber
                0x000000000800295e       0x30 cmake/stm32cubemx/CMakeFiles/FatFs.dir/__/__/Middlewares/Third_Party/FatFs/src/ff.c.obj
 .text.validate
                0x000000000800298e       0x2e cmake/stm32cubemx/CMakeFiles/FatFs.dir/__/__/Middlewares/Third_Party/FatFs/src/ff.c.obj
 .text.get_fileinfo
                0x00000000080029bc       0xc0 cmake/stm32cubemx/CMakeFiles/FatFs.dir/__/__/Middlewares/Third_Party/FatFs/src/ff.c.obj
 .text.sync_window.part.0
                0x0000000008002a7c       0x54 cmake/stm32cubemx/CMakeFiles/FatFs.dir/__/__/Middlewares/Third_Party/FatFs/src/ff.c.obj
 .text.sync_window
                0x0000000008002ad0        0xe cmake/stm32cubemx/CMakeFiles/FatFs.dir/__/__/Middlewares/Third_Party/FatFs/src/ff.c.obj
 .text.move_window
                0x0000000008002ade       0x36 cmake/stm32cubemx/CMakeFiles/FatFs.dir/__/__/Middlewares/Third_Party/FatFs/src/ff.c.obj
 .text.check_fs
                0x0000000008002b14       0x50 cmake/stm32cubemx/CMakeFiles/FatFs.dir/__/__/Middlewares/Third_Party/FatFs/src/ff.c.obj
 .text.find_volume
                0x0000000008002b64      0x238 cmake/stm32cubemx/CMakeFiles/FatFs.dir/__/__/Middlewares/Third_Party/FatFs/src/ff.c.obj
 .text.sync_fs  0x0000000008002d9c       0x84 cmake/stm32cubemx/CMakeFiles/FatFs.dir/__/__/Middlewares/Third_Party/FatFs/src/ff.c.obj
 .text.ld_clust.isra.0
                0x0000000008002e20       0x10 cmake/stm32cubemx/CMakeFiles/FatFs.dir/__/__/Middlewares/Third_Party/FatFs/src/ff.c.obj
 .text.clust2sect
                0x0000000008002e30       0x1c cmake/stm32cubemx/CMakeFiles/FatFs.dir/__/__/Middlewares/Third_Party/FatFs/src/ff.c.obj
                0x0000000008002e30                clust2sect
 .text.get_fat  0x0000000008002e4c       0xc2 cmake/stm32cubemx/CMakeFiles/FatFs.dir/__/__/Middlewares/Third_Party/FatFs/src/ff.c.obj
                0x0000000008002e4c                get_fat
 .text.dir_sdi  0x0000000008002f0e       0x9c cmake/stm32cubemx/CMakeFiles/FatFs.dir/__/__/Middlewares/Third_Party/FatFs/src/ff.c.obj
 .text.put_fat  0x0000000008002faa       0xf4 cmake/stm32cubemx/CMakeFiles/FatFs.dir/__/__/Middlewares/Third_Party/FatFs/src/ff.c.obj
                0x0000000008002faa                put_fat
 .text.create_chain
                0x000000000800309e       0xb2 cmake/stm32cubemx/CMakeFiles/FatFs.dir/__/__/Middlewares/Third_Party/FatFs/src/ff.c.obj
 .text.dir_next
                0x0000000008003150      0x116 cmake/stm32cubemx/CMakeFiles/FatFs.dir/__/__/Middlewares/Third_Party/FatFs/src/ff.c.obj
 *fill*         0x0000000008003266        0x2 
 .text.dir_find
                0x0000000008003268      0x148 cmake/stm32cubemx/CMakeFiles/FatFs.dir/__/__/Middlewares/Third_Party/FatFs/src/ff.c.obj
 .text.follow_path
                0x00000000080033b0      0x24c cmake/stm32cubemx/CMakeFiles/FatFs.dir/__/__/Middlewares/Third_Party/FatFs/src/ff.c.obj
 .text.dir_register
                0x00000000080035fc      0x278 cmake/stm32cubemx/CMakeFiles/FatFs.dir/__/__/Middlewares/Third_Party/FatFs/src/ff.c.obj
 .text.dir_read.constprop.0
                0x0000000008003874      0x108 cmake/stm32cubemx/CMakeFiles/FatFs.dir/__/__/Middlewares/Third_Party/FatFs/src/ff.c.obj
 .text.remove_chain
                0x000000000800397c       0x66 cmake/stm32cubemx/CMakeFiles/FatFs.dir/__/__/Middlewares/Third_Party/FatFs/src/ff.c.obj
 *fill*         0x00000000080039e2        0x2 
 .text.f_mount  0x00000000080039e4       0x58 cmake/stm32cubemx/CMakeFiles/FatFs.dir/__/__/Middlewares/Third_Party/FatFs/src/ff.c.obj
                0x00000000080039e4                f_mount
 .text.f_open   0x0000000008003a3c      0x188 cmake/stm32cubemx/CMakeFiles/FatFs.dir/__/__/Middlewares/Third_Party/FatFs/src/ff.c.obj
                0x0000000008003a3c                f_open
 .text.f_read   0x0000000008003bc4      0x18e cmake/stm32cubemx/CMakeFiles/FatFs.dir/__/__/Middlewares/Third_Party/FatFs/src/ff.c.obj
                0x0000000008003bc4                f_read
 .text.f_sync   0x0000000008003d52       0xc2 cmake/stm32cubemx/CMakeFiles/FatFs.dir/__/__/Middlewares/Third_Party/FatFs/src/ff.c.obj
                0x0000000008003d52                f_sync
 .text.f_close  0x0000000008003e14       0x22 cmake/stm32cubemx/CMakeFiles/FatFs.dir/__/__/Middlewares/Third_Party/FatFs/src/ff.c.obj
                0x0000000008003e14                f_close
 .text.f_lseek  0x0000000008003e36      0x292 cmake/stm32cubemx/CMakeFiles/FatFs.dir/__/__/Middlewares/Third_Party/FatFs/src/ff.c.obj
                0x0000000008003e36                f_lseek
 .text.f_opendir
                0x00000000080040c8       0xa4 cmake/stm32cubemx/CMakeFiles/FatFs.dir/__/__/Middlewares/Third_Party/FatFs/src/ff.c.obj
                0x00000000080040c8                f_opendir
 .text.f_closedir
                0x000000000800416c       0x28 cmake/stm32cubemx/CMakeFiles/FatFs.dir/__/__/Middlewares/Third_Party/FatFs/src/ff.c.obj
                0x000000000800416c                f_closedir
 .text.f_readdir
                0x0000000008004194       0x64 cmake/stm32cubemx/CMakeFiles/FatFs.dir/__/__/Middlewares/Third_Party/FatFs/src/ff.c.obj
                0x0000000008004194                f_readdir
 .text.FATFS_LinkDriverEx
                0x00000000080041f8       0x44 cmake/stm32cubemx/CMakeFiles/FatFs.dir/__/__/Middlewares/Third_Party/FatFs/src/ff_gen_drv.c.obj
                0x00000000080041f8                FATFS_LinkDriverEx
 .text.FATFS_LinkDriver
                0x000000000800423c        0x6 cmake/stm32cubemx/CMakeFiles/FatFs.dir/__/__/Middlewares/Third_Party/FatFs/src/ff_gen_drv.c.obj
                0x000000000800423c                FATFS_LinkDriver
 .text.ff_convert
                0x0000000008004242        0x8 cmake/stm32cubemx/CMakeFiles/FatFs.dir/__/__/Middlewares/Third_Party/FatFs/src/option/unicode.c.obj
                0x0000000008004242                ff_convert
 .text.ff_wtoupper
                0x000000000800424a        0xe cmake/stm32cubemx/CMakeFiles/FatFs.dir/__/__/Middlewares/Third_Party/FatFs/src/option/unicode.c.obj
                0x000000000800424a                ff_wtoupper
 .text.MX_FATFS_Init
                0x0000000008004258       0x1c CMakeFiles/bl602_flash_programmer.dir/FATFS/App/fatfs.c.obj
                0x0000000008004258                MX_FATFS_Init
 .text.get_fattime
                0x0000000008004274        0x4 CMakeFiles/bl602_flash_programmer.dir/FATFS/App/fatfs.c.obj
                0x0000000008004274                get_fattime
 .text.USER_initialize
                0x0000000008004278       0x14 CMakeFiles/bl602_flash_programmer.dir/FATFS/Target/user_diskio.c.obj
                0x0000000008004278                USER_initialize
 .text.USER_status
                0x000000000800428c       0x14 CMakeFiles/bl602_flash_programmer.dir/FATFS/Target/user_diskio.c.obj
                0x000000000800428c                USER_status
 .text.USER_read
                0x00000000080042a0        0x4 CMakeFiles/bl602_flash_programmer.dir/FATFS/Target/user_diskio.c.obj
                0x00000000080042a0                USER_read
 .text.USER_write
                0x00000000080042a4        0x4 CMakeFiles/bl602_flash_programmer.dir/FATFS/Target/user_diskio.c.obj
                0x00000000080042a4                USER_write
 .text.USER_ioctl
                0x00000000080042a8        0x4 CMakeFiles/bl602_flash_programmer.dir/FATFS/Target/user_diskio.c.obj
                0x00000000080042a8                USER_ioctl
 .text.SystemClock_Config
                0x00000000080042ac       0x62 CMakeFiles/bl602_flash_programmer.dir/Core/Src/main.c.obj
                0x00000000080042ac                SystemClock_Config
 *fill*         0x000000000800430e        0x2 
 .text.startup.main
                0x0000000008004310      0x190 CMakeFiles/bl602_flash_programmer.dir/Core/Src/main.c.obj
                0x0000000008004310                main
 .text.Error_Handler
                0x00000000080044a0        0x4 CMakeFiles/bl602_flash_programmer.dir/Core/Src/main.c.obj
                0x00000000080044a0                Error_Handler
 .text.NMI_Handler
                0x00000000080044a4        0x2 CMakeFiles/bl602_flash_programmer.dir/Core/Src/stm32f1xx_it.c.obj
                0x00000000080044a4                NMI_Handler
 .text.HardFault_Handler
                0x00000000080044a6        0x2 CMakeFiles/bl602_flash_programmer.dir/Core/Src/stm32f1xx_it.c.obj
                0x00000000080044a6                HardFault_Handler
 .text.MemManage_Handler
                0x00000000080044a8        0x2 CMakeFiles/bl602_flash_programmer.dir/Core/Src/stm32f1xx_it.c.obj
                0x00000000080044a8                MemManage_Handler
 .text.BusFault_Handler
                0x00000000080044aa        0x2 CMakeFiles/bl602_flash_programmer.dir/Core/Src/stm32f1xx_it.c.obj
                0x00000000080044aa                BusFault_Handler
 .text.UsageFault_Handler
                0x00000000080044ac        0x2 CMakeFiles/bl602_flash_programmer.dir/Core/Src/stm32f1xx_it.c.obj
                0x00000000080044ac                UsageFault_Handler
 .text.SVC_Handler
                0x00000000080044ae        0x2 CMakeFiles/bl602_flash_programmer.dir/Core/Src/stm32f1xx_it.c.obj
                0x00000000080044ae                SVC_Handler
 .text.DebugMon_Handler
                0x00000000080044b0        0x2 CMakeFiles/bl602_flash_programmer.dir/Core/Src/stm32f1xx_it.c.obj
                0x00000000080044b0                DebugMon_Handler
 .text.PendSV_Handler
                0x00000000080044b2        0x2 CMakeFiles/bl602_flash_programmer.dir/Core/Src/stm32f1xx_it.c.obj
                0x00000000080044b2                PendSV_Handler
 .text.SysTick_Handler
                0x00000000080044b4       0x40 CMakeFiles/bl602_flash_programmer.dir/Core/Src/stm32f1xx_it.c.obj
                0x00000000080044b4                SysTick_Handler
 .text.DMA1_Channel2_IRQHandler
                0x00000000080044f4        0xc CMakeFiles/bl602_flash_programmer.dir/Core/Src/stm32f1xx_it.c.obj
                0x00000000080044f4                DMA1_Channel2_IRQHandler
 .text.HAL_MspInit
                0x0000000008004500       0x44 CMakeFiles/bl602_flash_programmer.dir/Core/Src/stm32f1xx_hal_msp.c.obj
                0x0000000008004500                HAL_MspInit
 .text.HAL_RTC_MspInit
                0x0000000008004544       0x3c CMakeFiles/bl602_flash_programmer.dir/Core/Src/stm32f1xx_hal_msp.c.obj
                0x0000000008004544                HAL_RTC_MspInit
 .text.HAL_SPI_MspInit
                0x0000000008004580       0xa4 CMakeFiles/bl602_flash_programmer.dir/Core/Src/stm32f1xx_hal_msp.c.obj
                0x0000000008004580                HAL_SPI_MspInit
 .text.HAL_UART_MspInit
                0x0000000008004624       0xbc CMakeFiles/bl602_flash_programmer.dir/Core/Src/stm32f1xx_hal_msp.c.obj
                0x0000000008004624                HAL_UART_MspInit
 .text._sbrk    0x00000000080046e0       0x40 CMakeFiles/bl602_flash_programmer.dir/Core/Src/sysmem.c.obj
                0x00000000080046e0                _sbrk
 .text.Reset_Handler
                0x0000000008004720       0x48 CMakeFiles/bl602_flash_programmer.dir/startup_stm32f103xb.s.obj
                0x0000000008004720                Reset_Handler
 .text.Default_Handler
                0x0000000008004768        0x2 CMakeFiles/bl602_flash_programmer.dir/startup_stm32f103xb.s.obj
                0x0000000008004768                RTC_Alarm_IRQHandler
                0x0000000008004768                EXTI2_IRQHandler
                0x0000000008004768                TIM1_CC_IRQHandler
                0x0000000008004768                PVD_IRQHandler
                0x0000000008004768                EXTI3_IRQHandler
                0x0000000008004768                EXTI0_IRQHandler
                0x0000000008004768                I2C2_EV_IRQHandler
                0x0000000008004768                ADC1_2_IRQHandler
                0x0000000008004768                SPI1_IRQHandler
                0x0000000008004768                TAMPER_IRQHandler
                0x0000000008004768                DMA1_Channel4_IRQHandler
                0x0000000008004768                USART3_IRQHandler
                0x0000000008004768                RTC_IRQHandler
                0x0000000008004768                DMA1_Channel7_IRQHandler
                0x0000000008004768                CAN1_RX1_IRQHandler
                0x0000000008004768                TIM4_IRQHandler
                0x0000000008004768                I2C1_EV_IRQHandler
                0x0000000008004768                DMA1_Channel6_IRQHandler
                0x0000000008004768                TIM3_IRQHandler
                0x0000000008004768                RCC_IRQHandler
                0x0000000008004768                TIM1_TRG_COM_IRQHandler
                0x0000000008004768                DMA1_Channel1_IRQHandler
                0x0000000008004768                Default_Handler
                0x0000000008004768                EXTI15_10_IRQHandler
                0x0000000008004768                EXTI9_5_IRQHandler
                0x0000000008004768                SPI2_IRQHandler
                0x0000000008004768                DMA1_Channel5_IRQHandler
                0x0000000008004768                EXTI4_IRQHandler
                0x0000000008004768                USB_LP_CAN1_RX0_IRQHandler
                0x0000000008004768                USB_HP_CAN1_TX_IRQHandler
                0x0000000008004768                DMA1_Channel3_IRQHandler
                0x0000000008004768                TIM1_UP_IRQHandler
                0x0000000008004768                WWDG_IRQHandler
                0x0000000008004768                TIM2_IRQHandler
                0x0000000008004768                TIM1_BRK_IRQHandler
                0x0000000008004768                EXTI1_IRQHandler
                0x0000000008004768                USART2_IRQHandler
                0x0000000008004768                I2C2_ER_IRQHandler
                0x0000000008004768                CAN1_SCE_IRQHandler
                0x0000000008004768                FLASH_IRQHandler
                0x0000000008004768                I2C1_ER_IRQHandler
                0x0000000008004768                USBWakeUp_IRQHandler
 *fill*         0x000000000800476a        0x2 
 .text.rts_pin_set
                0x000000000800476c       0x10 CMakeFiles/bl602_flash_programmer.dir/App/bootrom_isp.c.obj
 .text.isp_gpio_init
                0x000000000800477c       0x58 CMakeFiles/bl602_flash_programmer.dir/App/bootrom_isp.c.obj
 .text.bootrom_isp_dump_rx
                0x00000000080047d4       0x50 CMakeFiles/bl602_flash_programmer.dir/App/bootrom_isp.c.obj
 .text.isp_tx_55
                0x0000000008004824       0x2c CMakeFiles/bl602_flash_programmer.dir/App/bootrom_isp.c.obj
 .text.isp_rxq_stop
                0x0000000008004850       0x4c CMakeFiles/bl602_flash_programmer.dir/App/bootrom_isp.c.obj
 .text.bootrom_isp_send_internal
                0x000000000800489c      0x170 CMakeFiles/bl602_flash_programmer.dir/App/bootrom_isp.c.obj
 .text.sd_read_at.constprop.0
                0x0000000008004a0c       0x50 CMakeFiles/bl602_flash_programmer.dir/App/bootrom_isp.c.obj
 .text.bootrom_isp_calc_cmd_cksum.constprop.0
                0x0000000008004a5c       0x28 CMakeFiles/bl602_flash_programmer.dir/App/bootrom_isp.c.obj
 .text.bootrom_isp_flash_xip_read_start.isra.0
                0x0000000008004a84       0x1c CMakeFiles/bl602_flash_programmer.dir/App/bootrom_isp.c.obj
 .text.USART1_IRQHandler
                0x0000000008004aa0       0x4c CMakeFiles/bl602_flash_programmer.dir/App/bootrom_isp.c.obj
                0x0000000008004aa0                USART1_IRQHandler
 .text.bootrom_isp_init
                0x0000000008004aec        0xc CMakeFiles/bl602_flash_programmer.dir/App/bootrom_isp.c.obj
                0x0000000008004aec                bootrom_isp_init
 .text.bootrom_isp_program
                0x0000000008004af8      0x874 CMakeFiles/bl602_flash_programmer.dir/App/bootrom_isp.c.obj
                0x0000000008004af8                bootrom_isp_program
 .text.isp_log_init
                0x000000000800536c        0x2 CMakeFiles/bl602_flash_programmer.dir/App/isp_log.c.obj
                0x000000000800536c                isp_log_init
 .text.isp_log_set_deferred
                0x000000000800536e        0x2 CMakeFiles/bl602_flash_programmer.dir/App/isp_log.c.obj
                0x000000000800536e                isp_log_set_deferred
 .text.isp_log_printf
                0x0000000008005370       0x3c CMakeFiles/bl602_flash_programmer.dir/App/isp_log.c.obj
                0x0000000008005370                isp_log_printf
 .text.sd_entry_name
                0x00000000080053ac       0x10 CMakeFiles/bl602_flash_programmer.dir/App/sd_file_demo.c.obj
 .text.sd_name_ieq
                0x00000000080053bc       0x40 CMakeFiles/bl602_flash_programmer.dir/App/sd_file_demo.c.obj
 .text.sd_is_loader_name
                0x00000000080053fc       0x50 CMakeFiles/bl602_flash_programmer.dir/App/sd_file_demo.c.obj
 .text.sd_find_open_name.constprop.0
                0x000000000800544c       0xfc CMakeFiles/bl602_flash_programmer.dir/App/sd_file_demo.c.obj
 .text.sd_isp_flash_run
                0x0000000008005548      0x2c8 CMakeFiles/bl602_flash_programmer.dir/App/sd_file_demo.c.obj
                0x0000000008005548                sd_isp_flash_run
 .text.SPI_TxByte
                0x0000000008005810       0x28 CMakeFiles/bl602_flash_programmer.dir/FATFS/Target/fatfs_sd.c.obj
 .text.SELECT   0x0000000008005838       0x10 CMakeFiles/bl602_flash_programmer.dir/FATFS/Target/fatfs_sd.c.obj
 .text.DESELECT
                0x0000000008005848       0x10 CMakeFiles/bl602_flash_programmer.dir/FATFS/Target/fatfs_sd.c.obj
 .text.SPI_RxByte
                0x0000000008005858       0x3c CMakeFiles/bl602_flash_programmer.dir/FATFS/Target/fatfs_sd.c.obj
 .text.SD_PowerOn
                0x0000000008005894       0x6c CMakeFiles/bl602_flash_programmer.dir/FATFS/Target/fatfs_sd.c.obj
 .text.SD_ReadyWait
                0x0000000008005900       0x20 CMakeFiles/bl602_flash_programmer.dir/FATFS/Target/fatfs_sd.c.obj
 .text.SD_SendCmd
                0x0000000008005920       0x64 CMakeFiles/bl602_flash_programmer.dir/FATFS/Target/fatfs_sd.c.obj
 .text.SD_RxDataBlock
                0x0000000008005984       0x48 CMakeFiles/bl602_flash_programmer.dir/FATFS/Target/fatfs_sd.c.obj
 .text.SD_TxDataBlock
                0x00000000080059cc       0x6c CMakeFiles/bl602_flash_programmer.dir/FATFS/Target/fatfs_sd.c.obj
 .text.SD_disk_initialize
                0x0000000008005a38      0x178 CMakeFiles/bl602_flash_programmer.dir/FATFS/Target/fatfs_sd.c.obj
                0x0000000008005a38                SD_disk_initialize
 .text.SD_disk_status
                0x0000000008005bb0       0x14 CMakeFiles/bl602_flash_programmer.dir/FATFS/Target/fatfs_sd.c.obj
                0x0000000008005bb0                SD_disk_status
 .text.SD_disk_read
                0x0000000008005bc4       0x8c CMakeFiles/bl602_flash_programmer.dir/FATFS/Target/fatfs_sd.c.obj
                0x0000000008005bc4                SD_disk_read
 .text.SD_disk_write
                0x0000000008005c50       0xb0 CMakeFiles/bl602_flash_programmer.dir/FATFS/Target/fatfs_sd.c.obj
                0x0000000008005c50                SD_disk_write
 .text.SD_disk_ioctl
                0x0000000008005d00      0x158 CMakeFiles/bl602_flash_programmer.dir/FATFS/Target/fatfs_sd.c.obj
                0x0000000008005d00                SD_disk_ioctl
 *(.glue_7)
 .glue_7        0x0000000008005e58        0x0 linker stubs
 *(.glue_7t)
 .glue_7t       0x0000000008005e58        0x0 linker stubs
 *(.eh_frame)
 .eh_frame      0x0000000008005e58        0x0 /usr/lib/gcc/arm-none-eabi/10.3.1/thumb/v7-m/nofp/crtbegin.o
 *(.init)
 .init          0x0000000008005e58        0x4 /usr/lib/gcc/arm-none-eabi/10.3.1/thumb/v7-m/nofp/crti.o
                0x0000000008005e58                _init
 .init          0x0000000008005e5c        0x8 /usr/lib/gcc/arm-none-eabi/10.3.1/thumb/v7-m/nofp/crtn.o
 *(.fini)
 .fini          0x0000000008005e64        0x4 /usr/lib/gcc/arm-none-eabi/10.3.1/thumb/v7-m/nofp/crti.o
                0x0000000008005e64                _fini
 .fini          0x0000000008005e68        0x8 /usr/lib/gcc/arm-none-eabi/10.3.1/thumb/v7-m/nofp/crtn.o
                0x0000000008005e70                . = ALIGN (0x4)
                0x0000000008005e70                _etext = .

.vfp11_veneer   0x0000000008005e70        0x0
 .vfp11_veneer  0x0000000008005e70        0x0 linker stubs

.v4_bx          0x0000000008005e70        0x0
 .v4_bx         0x0000000008005e70        0x0 linker stubs

.iplt           0x0000000008005e70        0x0
 .iplt          0x0000000008005e70        0x0 /usr/lib/gcc/arm-none-eabi/10.3.1/thumb/v7-m/nofp/crtbegin.o

.rodata         0x0000000008005e70      0xa3c
                0x0000000008005e70                . = ALIGN (0x4)
 *(.rodata)
 .rodata        0x0000000008005e70      0x101 /usr/lib/gcc/arm-none-eabi/10.3.1/../../../arm-none-eabi/lib/thumb/v7-m/nofp/libg_nano.a(lib_a-ctype_.o)
                0x0000000008005e70                _ctype_
 *(.rodata*)
 .rodata.AHBPrescTable
                0x0000000008005f71       0x10 cmake/stm32cubemx/CMakeFiles/STM32_Drivers.dir/__/__/Core/Src/system_stm32f1xx.c.obj
                0x0000000008005f71                AHBPrescTable
 .rodata.APBPrescTable
                0x0000000008005f81        0x8 cmake/stm32cubemx/CMakeFiles/STM32_Drivers.dir/__/__/Core/Src/system_stm32f1xx.c.obj
                0x0000000008005f81                APBPrescTable
 .rodata.aPLLMULFactorTable.1
                0x0000000008005f89       0x10 cmake/stm32cubemx/CMakeFiles/STM32_Drivers.dir/__/__/Drivers/STM32F1xx_HAL_Driver/Src/stm32f1xx_hal_rcc.c.obj
 .rodata.aPredivFactorTable.0
                0x0000000008005f99        0x2 cmake/stm32cubemx/CMakeFiles/STM32_Drivers.dir/__/__/Drivers/STM32F1xx_HAL_Driver/Src/stm32f1xx_hal_rcc.c.obj
 .rodata.aPLLMULFactorTable.1
                0x0000000008005f9b       0x10 cmake/stm32cubemx/CMakeFiles/STM32_Drivers.dir/__/__/Drivers/STM32F1xx_HAL_Driver/Src/stm32f1xx_hal_rcc_ex.c.obj
 .rodata.aPredivFactorTable.0
                0x0000000008005fab        0x2 cmake/stm32cubemx/CMakeFiles/STM32_Drivers.dir/__/__/Drivers/STM32F1xx_HAL_Driver/Src/stm32f1xx_hal_rcc_ex.c.obj
 .rodata.follow_path.str1.1
                0x0000000008005fad       0x10 cmake/stm32cubemx/CMakeFiles/FatFs.dir/__/__/Middlewares/Third_Party/FatFs/src/ff.c.obj
 .rodata.ExCvt  0x0000000008005fbd       0x80 cmake/stm32cubemx/CMakeFiles/FatFs.dir/__/__/Middlewares/Third_Party/FatFs/src/ff.c.obj
 .rodata.LfnOfs
                0x000000000800603d        0xd cmake/stm32cubemx/CMakeFiles/FatFs.dir/__/__/Middlewares/Third_Party/FatFs/src/ff.c.obj
 .rodata.main.str1.1
                0x000000000800604a       0xaf CMakeFiles/bl602_flash_programmer.dir/Core/Src/main.c.obj
 .rodata.bootrom_isp_dump_rx.str1.1
                0x00000000080060f9       0x10 CMakeFiles/bl602_flash_programmer.dir/App/bootrom_isp.c.obj
                                         0x13 (size before relaxing)
 .rodata.bootrom_isp_send_internal.str1.1
                0x0000000008006109       0x10 CMakeFiles/bl602_flash_programmer.dir/App/bootrom_isp.c.obj
 .rodata.sd_read_at.constprop.0.str1.1
                0x0000000008006119       0x36 CMakeFiles/bl602_flash_programmer.dir/App/bootrom_isp.c.obj
 .rodata.bootrom_isp_program.str1.1
                0x000000000800614f      0x477 CMakeFiles/bl602_flash_programmer.dir/App/bootrom_isp.c.obj
 .rodata.k_boot2_ready
                0x00000000080065c6       0x10 CMakeFiles/bl602_flash_programmer.dir/App/bootrom_isp.c.obj
 .rodata.k_boot2_suss
                0x00000000080065d6       0x19 CMakeFiles/bl602_flash_programmer.dir/App/bootrom_isp.c.obj
 .rodata.sd_is_loader_name.str1.1
                0x00000000080065ef        0xe CMakeFiles/bl602_flash_programmer.dir/App/sd_file_demo.c.obj
 .rodata.sd_find_open_name.constprop.0.str1.1
                0x00000000080065fd        0x5 CMakeFiles/bl602_flash_programmer.dir/App/sd_file_demo.c.obj
                                          0xd (size before relaxing)
 .rodata.sd_isp_flash_run.str1.1
                0x0000000008006602      0x26b CMakeFiles/bl602_flash_programmer.dir/App/sd_file_demo.c.obj
                                        0x280 (size before relaxing)
 *fill*         0x000000000800686d        0x3 
 .rodata.str1.4
                0x0000000008006870       0x13 /usr/lib/gcc/arm-none-eabi/10.3.1/../../../arm-none-eabi/lib/thumb/v7-m/nofp/libg_nano.a(lib_a-nano-svfprintf.o)
 *fill*         0x0000000008006883        0x1 
 .rodata.str1.4
                0x0000000008006884       0x25 /usr/lib/gcc/arm-none-eabi/10.3.1/../../../arm-none-eabi/lib/thumb/v7-m/nofp/libg_nano.a(lib_a-nano-vfprintf_i.o)
                0x00000000080068ac                . = ALIGN (0x4)
 *fill*         0x00000000080068a9        0x3 

.ARM.extab      0x00000000080068ac        0x0
                0x00000000080068ac                . = ALIGN (0x4)
 *(.ARM.extab* .gnu.linkonce.armextab.*)
                0x00000000080068ac                . = ALIGN (0x4)

.ARM            0x00000000080068ac        0x0
                0x00000000080068ac                . = ALIGN (0x4)
                0x00000000080068ac                __exidx_start = .
 *(.ARM.exidx*)
                0x00000000080068ac                __exidx_end = .
                0x00000000080068ac                . = ALIGN (0x4)

.preinit_array  0x00000000080068ac        0x0
                0x00000000080068ac                . = ALIGN (0x4)
                0x00000000080068ac                PROVIDE (__preinit_array_start = .)
 *(.preinit_array*)
                0x00000000080068ac                PROVIDE (__preinit_array_end = .)
                0x00000000080068ac                . = ALIGN (0x4)

.init_array     0x00000000080068ac        0x4
                0x00000000080068ac                . = ALIGN (0x4)
                0x00000000080068ac                PROVIDE (__init_array_start = .)
 *(SORT_BY_NAME(.init_array.*))
 *(.init_array*)
 .init_array    0x00000000080068ac        0x4 /usr/lib/gcc/arm-none-eabi/10.3.1/thumb/v7-m/nofp/crtbegin.o
                0x00000000080068b0                PROVIDE (__init_array_end = .)
                0x00000000080068b0                . = ALIGN (0x4)

.fini_array     0x00000000080068b0        0x4
                0x00000000080068b0                . = ALIGN (0x4)
                0x00000000080068b0                PROVIDE (__fini_array_start = .)
 *(SORT_BY_NAME(.fini_array.*))
 *(.fini_array*)
 .fini_array    0x00000000080068b0        0x4 /usr/lib/gcc/arm-none-eabi/10.3.1/thumb/v7-m/nofp/crtbegin.o
                0x00000000080068b4                PROVIDE (__fini_array_end = .)
                0x00000000080068b4                . = ALIGN (0x4)
                0x00000000080068b4                _sidata = LOADADDR (.data)

.rel.dyn        0x00000000080068b4        0x0
 .rel.iplt      0x00000000080068b4        0x0 /usr/lib/gcc/arm-none-eabi/10.3.1/thumb/v7-m/nofp/crtbegin.o

.data           0x0000000020000000       0x8c load address 0x00000000080068b4
                0x0000000020000000                . = ALIGN (0x4)
                0x0000000020000000                _sdata = .
 *(.data)
 .data          0x0000000020000000       0x64 /usr/lib/gcc/arm-none-eabi/10.3.1/../../../arm-none-eabi/lib/thumb/v7-m/nofp/libg_nano.a(lib_a-impure.o)
                0x0000000020000000                _impure_ptr
 *(.data*)
 .data.SystemCoreClock
                0x0000000020000064        0x4 cmake/stm32cubemx/CMakeFiles/STM32_Drivers.dir/__/__/Core/Src/system_stm32f1xx.c.obj
                0x0000000020000064                SystemCoreClock
 .data.uwTickFreq
                0x0000000020000068        0x1 cmake/stm32cubemx/CMakeFiles/STM32_Drivers.dir/__/__/Drivers/STM32F1xx_HAL_Driver/Src/stm32f1xx_hal.c.obj
                0x0000000020000068                uwTickFreq
 *fill*         0x0000000020000069        0x3 
 .data.uwTickPrio
                0x000000002000006c        0x4 cmake/stm32cubemx/CMakeFiles/STM32_Drivers.dir/__/__/Drivers/STM32F1xx_HAL_Driver/Src/stm32f1xx_hal.c.obj
                0x000000002000006c                uwTickPrio
 .data.Stat     0x0000000020000070        0x1 CMakeFiles/bl602_flash_programmer.dir/FATFS/Target/user_diskio.c.obj
 *fill*         0x0000000020000071        0x3 
 .data.USER_Driver
                0x0000000020000074       0x14 CMakeFiles/bl602_flash_programmer.dir/FATFS/Target/user_diskio.c.obj
                0x0000000020000074                USER_Driver
 .data.Stat     0x0000000020000088        0x1 CMakeFiles/bl602_flash_programmer.dir/FATFS/Target/fatfs_sd.c.obj
 *(.RamFunc)
 *(.RamFunc*)
                0x000000002000008c                . = ALIGN (0x4)
 *fill*         0x0000000020000089        0x3 

.tm_clone_table
                0x000000002000008c        0x0 load address 0x0000000008006940
 .tm_clone_table
                0x000000002000008c        0x0 /usr/lib/gcc/arm-none-eabi/10.3.1/thumb/v7-m/nofp/crtbegin.o
 .tm_clone_table
                0x000000002000008c        0x0 /usr/lib/gcc/arm-none-eabi/10.3.1/thumb/v7-m/nofp/crtend.o

.igot.plt       0x000000002000008c        0x0 load address 0x0000000008006940
 .igot.plt      0x000000002000008c        0x0 /usr/lib/gcc/arm-none-eabi/10.3.1/thumb/v7-m/nofp/crtbegin.o

.tdata          0x000000002000008c        0x0 load address 0x0000000008006940
 *(.tdata .tdata.* .gnu.linkonce.td.*)
                0x000000002000008c                . = ALIGN (0x4)
                0x000000002000008c                _edata = .
                [!provide]                        PROVIDE (__data_end = .)
                [!provide]                        PROVIDE (__tdata_end = .)
                [!provide]                        PROVIDE (__tdata_start = ADDR (.tdata))
                [!provide]                        PROVIDE (__tdata_size = (__tdata_end - __tdata_start))
                [!provide]                        PROVIDE (__data_start = ADDR (.data))
                [!provide]                        PROVIDE (__data_size = (__data_end - __data_start))
                [!provide]                        PROVIDE (__tdata_source = LOADADDR (.tdata))
                [!provide]                        PROVIDE (__tdata_source_end = (LOADADDR (.tdata) + SIZEOF (.tdata)))
                [!provide]                        PROVIDE (__tdata_source_size = (__tdata_source_end - __tdata_source))
                [!provide]                        PROVIDE (__data_source = LOADADDR (.data))
                [!provide]                        PROVIDE (__data_source_end = __tdata_source_end)
                [!provide]                        PROVIDE (__data_source_size = (__data_source_end - __data_source))

.tbss           0x000000002000008c        0x0 load address 0x0000000008006940
                0x000000002000008c                _sbss = .
                0x000000002000008c                __bss_start__ = _sbss
 *(.tbss .tbss.*)
                0x000000002000008c                . = ALIGN (0x4)
                [!provide]                        PROVIDE (__tbss_end = .)
                [!provide]                        PROVIDE (__tbss_start = ADDR (.tbss))
                [!provide]                        PROVIDE (__tbss_size = (__tbss_end - __tbss_start))
                [!provide]                        PROVIDE (__tbss_offset = (ADDR (.tbss) - ADDR (.tdata)))
                [!provide]                        PROVIDE (__tls_base = __tdata_start)
                [!provide]                        PROVIDE (__tls_end = __tbss_end)
                [!provide]                        PROVIDE (__tls_size = (__tls_end - __tls_base))
                [!provide]                        PROVIDE (__tls_align = MAX (ALIGNOF (.tdata), ALIGNOF (.tbss)))
                [!provide]                        PROVIDE (__tls_size_align = (((__tls_size + __tls_align) - 0x1) & ~ ((__tls_align - 0x1))))
                [!provide]                        PROVIDE (__arm32_tls_tcb_offset = MAX (0x8, __tls_align))
                [!provide]                        PROVIDE (__arm64_tls_tcb_offset = MAX (0x10, __tls_align))

.bss            0x000000002000008c     0x1a4c load address 0x0000000008006940
 *(.bss)
 .bss           0x000000002000008c       0x1c /usr/lib/gcc/arm-none-eabi/10.3.1/thumb/v7-m/nofp/crtbegin.o
 .bss           0x00000000200000a8        0x8 /usr/lib/gcc/arm-none-eabi/10.3.1/../../../arm-none-eabi/lib/thumb/v7-m/nofp/libg_nano.a(lib_a-nano-mallocr.o)
                0x00000000200000a8                __malloc_free_list
                0x00000000200000ac                __malloc_sbrk_start
 .bss           0x00000000200000b0        0x4 /usr/lib/gcc/arm-none-eabi/10.3.1/../../../arm-none-eabi/lib/thumb/v7-m/nofp/libg_nano.a(lib_a-reent.o)
                0x00000000200000b0                errno
 *(.bss*)
 .bss.uwTick    0x00000000200000b4        0x4 cmake/stm32cubemx/CMakeFiles/STM32_Drivers.dir/__/__/Drivers/STM32F1xx_HAL_Driver/Src/stm32f1xx_hal.c.obj
                0x00000000200000b4                uwTick
 .bss.FatFs     0x00000000200000b8        0x4 cmake/stm32cubemx/CMakeFiles/FatFs.dir/__/__/Middlewares/Third_Party/FatFs/src/ff.c.obj
 .bss.Files     0x00000000200000bc       0x18 cmake/stm32cubemx/CMakeFiles/FatFs.dir/__/__/Middlewares/Third_Party/FatFs/src/ff.c.obj
 .bss.Fsid      0x00000000200000d4        0x2 cmake/stm32cubemx/CMakeFiles/FatFs.dir/__/__/Middlewares/Third_Party/FatFs/src/ff.c.obj
 .bss.LfnBuf    0x00000000200000d6       0x82 cmake/stm32cubemx/CMakeFiles/FatFs.dir/__/__/Middlewares/Third_Party/FatFs/src/ff.c.obj
 .bss.disk      0x0000000020000158        0xc cmake/stm32cubemx/CMakeFiles/FatFs.dir/__/__/Middlewares/Third_Party/FatFs/src/ff_gen_drv.c.obj
                0x0000000020000158                disk
 .bss.USERFatFS
                0x0000000020000164      0x230 CMakeFiles/bl602_flash_programmer.dir/FATFS/App/fatfs.c.obj
                0x0000000020000164                USERFatFS
 .bss.USERFile  0x0000000020000394      0x22c CMakeFiles/bl602_flash_programmer.dir/FATFS/App/fatfs.c.obj
                0x0000000020000394                USERFile
 .bss.USERPath  0x00000000200005c0        0x4 CMakeFiles/bl602_flash_programmer.dir/FATFS/App/fatfs.c.obj
                0x00000000200005c0                USERPath
 .bss.retUSER   0x00000000200005c4        0x1 CMakeFiles/bl602_flash_programmer.dir/FATFS/App/fatfs.c.obj
                0x00000000200005c4                retUSER
 *fill*         0x00000000200005c5        0x3 
 .bss.hdma_spi1_rx
                0x00000000200005c8       0x44 CMakeFiles/bl602_flash_programmer.dir/Core/Src/main.c.obj
                0x00000000200005c8                hdma_spi1_rx
 .bss.hrtc      0x000000002000060c       0x14 CMakeFiles/bl602_flash_programmer.dir/Core/Src/main.c.obj
                0x000000002000060c                hrtc
 .bss.hspi1     0x0000000020000620       0x58 CMakeFiles/bl602_flash_programmer.dir/Core/Src/main.c.obj
                0x0000000020000620                hspi1
 .bss.huart1    0x0000000020000678       0x48 CMakeFiles/bl602_flash_programmer.dir/Core/Src/main.c.obj
                0x0000000020000678                huart1
 .bss.huart2    0x00000000200006c0       0x48 CMakeFiles/bl602_flash_programmer.dir/Core/Src/main.c.obj
                0x00000000200006c0                huart2
 .bss.tick_div10.0
                0x0000000020000708        0x1 CMakeFiles/bl602_flash_programmer.dir/Core/Src/stm32f1xx_it.c.obj
 *fill*         0x0000000020000709        0x3 
 .bss.__sbrk_heap_end
                0x000000002000070c        0x4 CMakeFiles/bl602_flash_programmer.dir/Core/Src/sysmem.c.obj
 .bss.s_boot2_isp
                0x0000000020000710        0x1 CMakeFiles/bl602_flash_programmer.dir/App/bootrom_isp.c.obj
 *fill*         0x0000000020000711        0x3 
 .bss.s_huart   0x0000000020000714        0x4 CMakeFiles/bl602_flash_programmer.dir/App/bootrom_isp.c.obj
 .bss.s_rx_irq  0x0000000020000718        0x1 CMakeFiles/bl602_flash_programmer.dir/App/bootrom_isp.c.obj
 .bss.s_rxq     0x0000000020000719       0x80 CMakeFiles/bl602_flash_programmer.dir/App/bootrom_isp.c.obj
 *fill*         0x0000000020000799        0x1 
 .bss.s_rxq_r   0x000000002000079a        0x2 CMakeFiles/bl602_flash_programmer.dir/App/bootrom_isp.c.obj
 .bss.s_rxq_w   0x000000002000079c        0x2 CMakeFiles/bl602_flash_programmer.dir/App/bootrom_isp.c.obj
 .bss.uart_recv_buffer
                0x000000002000079e      0x100 CMakeFiles/bl602_flash_programmer.dir/App/bootrom_isp.c.obj
 .bss.uart_recv_ops
                0x000000002000089e        0x2 CMakeFiles/bl602_flash_programmer.dir/App/bootrom_isp.c.obj
 .bss.uart_send_buffer
                0x00000000200008a0     0x1008 CMakeFiles/bl602_flash_programmer.dir/App/bootrom_isp.c.obj
 .bss.s_loader_file
                0x00000000200018a8      0x22c CMakeFiles/bl602_flash_programmer.dir/App/sd_file_demo.c.obj
 .bss.CardType  0x0000000020001ad4        0x1 CMakeFiles/bl602_flash_programmer.dir/FATFS/Target/fatfs_sd.c.obj
 .bss.PowerFlag
                0x0000000020001ad5        0x1 CMakeFiles/bl602_flash_programmer.dir/FATFS/Target/fatfs_sd.c.obj
 .bss.Timer1    0x0000000020001ad6        0x1 CMakeFiles/bl602_flash_programmer.dir/FATFS/Target/fatfs_sd.c.obj
                0x0000000020001ad6                Timer1
 .bss.Timer2    0x0000000020001ad7        0x1 CMakeFiles/bl602_flash_programmer.dir/FATFS/Target/fatfs_sd.c.obj
                0x0000000020001ad7                Timer2
 *(COMMON)
                0x0000000020001ad8                . = ALIGN (0x4)
                0x0000000020001ad8                _ebss = .
                0x0000000020001ad8                __bss_end__ = _ebss
                [!provide]                        PROVIDE (__bss_end = .)
                [!provide]                        PROVIDE (__non_tls_bss_start = ADDR (.bss))
                [!provide]                        PROVIDE (__bss_start = __tbss_start)
                [!provide]                        PROVIDE (__bss_size = (__bss_end - __bss_start))

._user_heap_stack
                0x0000000020001ad8      0x600 load address 0x0000000008006940
                0x0000000020001ad8                . = ALIGN (0x8)
                [!provide]                        PROVIDE (end = .)
                0x0000000020001ad8                PROVIDE (_end = .)
                0x0000000020001cd8                . = (. + _Min_Heap_Size)
 *fill*         0x0000000020001ad8      0x200 
                0x00000000200020d8                . = (. + _Min_Stack_Size)
 *fill*         0x0000000020001cd8      0x400 
                0x00000000200020d8                . = ALIGN (0x8)

/DISCARD/
 libc.a:*(*)
 libm.a:*(*)
 libgcc.a:*(*)
OUTPUT(bl602_flash_programmer.elf elf32-littlearm)
LOAD linker stubs

.ARM.attributes
                0x0000000000000000       0x29
 .ARM.attributes
                0x0000000000000000       0x1d /usr/lib/gcc/arm-none-eabi/10.3.1/thumb/v7-m/nofp/crti.o
 .ARM.attributes
                0x000000000000001d       0x2d /usr/lib/gcc/arm-none-eabi/10.3.1/thumb/v7-m/nofp/crtbegin.o
 .ARM.attributes
                0x000000000000004a       0x2d cmake/stm32cubemx/CMakeFiles/STM32_Drivers.dir/__/__/Core/Src/system_stm32f1xx.c.obj
 .ARM.attributes
                0x0000000000000077       0x2d cmake/stm32cubemx/CMakeFiles/STM32_Drivers.dir/__/__/Drivers/STM32F1xx_HAL_Driver/Src/stm32f1xx_hal.c.obj
 .ARM.attributes
                0x00000000000000a4       0x2d cmake/stm32cubemx/CMakeFiles/STM32_Drivers.dir/__/__/Drivers/STM32F1xx_HAL_Driver/Src/stm32f1xx_hal_rcc.c.obj
 .ARM.attributes
                0x00000000000000d1       0x2d cmake/stm32cubemx/CMakeFiles/STM32_Drivers.dir/__/__/Drivers/STM32F1xx_HAL_Driver/Src/stm32f1xx_hal_rcc_ex.c.obj
 .ARM.attributes
                0x00000000000000fe       0x2d cmake/stm32cubemx/CMakeFiles/STM32_Drivers.dir/__/__/Drivers/STM32F1xx_HAL_Driver/Src/stm32f1xx_hal_gpio.c.obj
 .ARM.attributes
                0x000000000000012b       0x2d cmake/stm32cubemx/CMakeFiles/STM32_Drivers.dir/__/__/Drivers/STM32F1xx_HAL_Driver/Src/stm32f1xx_hal_dma.c.obj
 .ARM.attributes
                0x0000000000000158       0x2d cmake/stm32cubemx/CMakeFiles/STM32_Drivers.dir/__/__/Drivers/STM32F1xx_HAL_Driver/Src/stm32f1xx_hal_cortex.c.obj
 .ARM.attributes
                0x0000000000000185       0x2d cmake/stm32cubemx/CMakeFiles/STM32_Drivers.dir/__/__/Drivers/STM32F1xx_HAL_Driver/Src/stm32f1xx_hal_pwr.c.obj
 .ARM.attributes
                0x00000000000001b2       0x2d cmake/stm32cubemx/CMakeFiles/STM32_Drivers.dir/__/__/Drivers/STM32F1xx_HAL_Driver/Src/stm32f1xx_hal_rtc.c.obj
 .ARM.attributes
                0x00000000000001df       0x2d cmake/stm32cubemx/CMakeFiles/STM32_Drivers.dir/__/__/Drivers/STM32F1xx_HAL_Driver/Src/stm32f1xx_hal_spi.c.obj
 .ARM.attributes
                0x000000000000020c       0x2d cmake/stm32cubemx/CMakeFiles/STM32_Drivers.dir/__/__/Drivers/STM32F1xx_HAL_Driver/Src/stm32f1xx_hal_uart.c.obj
 .ARM.attributes
                0x0000000000000239       0x2d cmake/stm32cubemx/CMakeFiles/FatFs.dir/__/__/Middlewares/Third_Party/FatFs/src/diskio.c.obj
 .ARM.attributes
                0x0000000000000266       0x2d cmake/stm32cubemx/CMakeFiles/FatFs.dir/__/__/Middlewares/Third_Party/FatFs/src/ff.c.obj
 .ARM.attributes
                0x0000000000000293       0x2d cmake/stm32cubemx/CMakeFiles/FatFs.dir/__/__/Middlewares/Third_Party/FatFs/src/ff_gen_drv.c.obj
 .ARM.attributes
                0x00000000000002c0       0x2d cmake/stm32cubemx/CMakeFiles/FatFs.dir/__/__/Middlewares/Third_Party/FatFs/src/option/unicode.c.obj
 .ARM.attributes
                0x00000000000002ed       0x2d CMakeFiles/bl602_flash_programmer.dir/FATFS/App/fatfs.c.obj
 .ARM.attributes
                0x000000000000031a       0x2d CMakeFiles/bl602_flash_programmer.dir/FATFS/Target/user_diskio.c.obj
 .ARM.attributes
                0x0000000000000347       0x2d CMakeFiles/bl602_flash_programmer.dir/Core/Src/main.c.obj
 .ARM.attributes
                0x0000000000000374       0x2d CMakeFiles/bl602_flash_programmer.dir/Core/Src/stm32f1xx_it.c.obj
 .ARM.attributes
                0x00000000000003a1       0x2d CMakeFiles/bl602_flash_programmer.dir/Core/Src/stm32f1xx_hal_msp.c.obj
 .ARM.attributes
                0x00000000000003ce       0x2d CMakeFiles/bl602_flash_programmer.dir/Core/Src/sysmem.c.obj
 .ARM.attributes
                0x00000000000003fb       0x21 CMakeFiles/bl602_flash_programmer.dir/startup_stm32f103xb.s.obj
 .ARM.attributes
                0x000000000000041c       0x2d CMakeFiles/bl602_flash_programmer.dir/App/bootrom_isp.c.obj
 .ARM.attributes
                0x0000000000000449       0x2d CMakeFiles/bl602_flash_programmer.dir/App/isp_log.c.obj
 .ARM.attributes
                0x0000000000000476       0x2d CMakeFiles/bl602_flash_programmer.dir/App/sd_file_demo.c.obj
 .ARM.attributes
                0x00000000000004a3       0x2d CMakeFiles/bl602_flash_programmer.dir/FATFS/Target/fatfs_sd.c.obj
 .ARM.attributes
                0x00000000000004d0       0x2d /usr/lib/gcc/arm-none-eabi/10.3.1/../../../arm-none-eabi/lib/thumb/v7-m/nofp/libg_nano.a(lib_a-ctype_.o)
 .ARM.attributes
                0x00000000000004fd       0x2d /usr/lib/gcc/arm-none-eabi/10.3.1/../../../arm-none-eabi/lib/thumb/v7-m/nofp/libg_nano.a(lib_a-errno.o)
 .ARM.attributes
                0x000000000000052a       0x2d /usr/lib/gcc/arm-none-eabi/10.3.1/../../../arm-none-eabi/lib/thumb/v7-m/nofp/libg_nano.a(lib_a-impure.o)
 .ARM.attributes
                0x0000000000000557       0x2d /usr/lib/gcc/arm-none-eabi/10.3.1/../../../arm-none-eabi/lib/thumb/v7-m/nofp/libg_nano.a(lib_a-init.o)
 .ARM.attributes
                0x0000000000000584       0x2d /usr/lib/gcc/arm-none-eabi/10.3.1/../../../arm-none-eabi/lib/thumb/v7-m/nofp/libg_nano.a(lib_a-memcmp.o)
 .ARM.attributes
                0x00000000000005b1       0x1b /usr/lib/gcc/arm-none-eabi/10.3.1/../../../arm-none-eabi/lib/thumb/v7-m/nofp/libg_nano.a(lib_a-memcpy.o)
 .ARM.attributes
                0x00000000000005cc       0x2d /usr/lib/gcc/arm-none-eabi/10.3.1/../../../arm-none-eabi/lib/thumb/v7-m/nofp/libg_nano.a(lib_a-memmove.o)
 .ARM.attributes
                0x00000000000005f9       0x2d /usr/lib/gcc/arm-none-eabi/10.3.1/../../../arm-none-eabi/lib/thumb/v7-m/nofp/libg_nano.a(lib_a-memset.o)
 .ARM.attributes
                0x0000000000000626       0x2d /usr/lib/gcc/arm-none-eabi/10.3.1/../../../arm-none-eabi/lib/thumb/v7-m/nofp/libg_nano.a(lib_a-snprintf.o)
 .ARM.attributes
                0x0000000000000653       0x1b /usr/lib/gcc/arm-none-eabi/10.3.1/../../../arm-none-eabi/lib/thumb/v7-m/nofp/libg_nano.a(lib_a-strcmp.o)
 .ARM.attributes
                0x000000000000066e       0x2d /usr/lib/gcc/arm-none-eabi/10.3.1/../../../arm-none-eabi/lib/thumb/v7-m/nofp/libg_nano.a(lib_a-strlen-stub.o)
 .ARM.attributes
                0x000000000000069b       0x2d /usr/lib/gcc/arm-none-eabi/10.3.1/../../../arm-none-eabi/lib/thumb/v7-m/nofp/libg_nano.a(lib_a-vsnprintf.o)
 .ARM.attributes
                0x00000000000006c8       0x2d /usr/lib/gcc/arm-none-eabi/10.3.1/../../../arm-none-eabi/lib/thumb/v7-m/nofp/libg_nano.a(lib_a-nano-svfprintf.o)
 .ARM.attributes
                0x00000000000006f5       0x2d /usr/lib/gcc/arm-none-eabi/10.3.1/../../../arm-none-eabi/lib/thumb/v7-m/nofp/libg_nano.a(lib_a-nano-vfprintf_i.o)
 .ARM.attributes
                0x0000000000000722       0x2d /usr/lib/gcc/arm-none-eabi/10.3.1/../../../arm-none-eabi/lib/thumb/v7-m/nofp/libg_nano.a(lib_a-memchr-stub.o)
 .ARM.attributes
                0x000000000000074f       0x2d /usr/lib/gcc/arm-none-eabi/10.3.1/../../../arm-none-eabi/lib/thumb/v7-m/nofp/libg_nano.a(lib_a-nano-freer.o)
 .ARM.attributes
                0x000000000000077c       0x2d /usr/lib/gcc/arm-none-eabi/10.3.1/../../../arm-none-eabi/lib/thumb/v7-m/nofp/libg_nano.a(lib_a-nano-mallocr.o)
 .ARM.attributes
                0x00000000000007a9       0x2d /usr/lib/gcc/arm-none-eabi/10.3.1/../../../arm-none-eabi/lib/thumb/v7-m/nofp/libg_nano.a(lib_a-nano-reallocr.o)
 .ARM.attributes
                0x00000000000007d6       0x2d /usr/lib/gcc/arm-none-eabi/10.3.1/../../../arm-none-eabi/lib/thumb/v7-m/nofp/libg_nano.a(lib_a-sbrkr.o)
 .ARM.attributes
                0x0000000000000803       0x2d /usr/lib/gcc/arm-none-eabi/10.3.1/../../../arm-none-eabi/lib/thumb/v7-m/nofp/libg_nano.a(lib_a-mlock.o)
 .ARM.attributes
                0x0000000000000830       0x2d /usr/lib/gcc/arm-none-eabi/10.3.1/../../../arm-none-eabi/lib/thumb/v7-m/nofp/libg_nano.a(lib_a-nano-msizer.o)
 .ARM.attributes
                0x000000000000085d       0x2d /usr/lib/gcc/arm-none-eabi/10.3.1/../../../arm-none-eabi/lib/thumb/v7-m/nofp/libg_nano.a(lib_a-reent.o)
 .ARM.attributes
                0x000000000000088a       0x2d /usr/lib/gcc/arm-none-eabi/10.3.1/thumb/v7-m/nofp/crtend.o
 .ARM.attributes
                0x00000000000008b7       0x1d /usr/lib/gcc/arm-none-eabi/10.3.1/thumb/v7-m/nofp/crtn.o

.comment        0x0000000000000000       0x33
 .comment       0x0000000000000000       0x33 /usr/lib/gcc/arm-none-eabi/10.3.1/thumb/v7-m/nofp/crtbegin.o
                                         0x34 (size before relaxing)
 .comment       0x0000000000000033       0x34 cmake/stm32cubemx/CMakeFiles/STM32_Drivers.dir/__/__/Core/Src/system_stm32f1xx.c.obj
 .comment       0x0000000000000033       0x34 cmake/stm32cubemx/CMakeFiles/STM32_Drivers.dir/__/__/Drivers/STM32F1xx_HAL_Driver/Src/stm32f1xx_hal.c.obj
 .comment       0x0000000000000033       0x34 cmake/stm32cubemx/CMakeFiles/STM32_Drivers.dir/__/__/Drivers/STM32F1xx_HAL_Driver/Src/stm32f1xx_hal_rcc.c.obj
 .comment       0x0000000000000033       0x34 cmake/stm32cubemx/CMakeFiles/STM32_Drivers.dir/__/__/Drivers/STM32F1xx_HAL_Driver/Src/stm32f1xx_hal_rcc_ex.c.obj
 .comment       0x0000000000000033       0x34 cmake/stm32cubemx/CMakeFiles/STM32_Drivers.dir/__/__/Drivers/STM32F1xx_HAL_Driver/Src/stm32f1xx_hal_gpio.c.obj
 .comment       0x0000000000000033       0x34 cmake/stm32cubemx/CMakeFiles/STM32_Drivers.dir/__/__/Drivers/STM32F1xx_HAL_Driver/Src/stm32f1xx_hal_dma.c.obj
 .comment       0x0000000000000033       0x34 cmake/stm32cubemx/CMakeFiles/STM32_Drivers.dir/__/__/Drivers/STM32F1xx_HAL_Driver/Src/stm32f1xx_hal_cortex.c.obj
 .comment       0x0000000000000033       0x34 cmake/stm32cubemx/CMakeFiles/STM32_Drivers.dir/__/__/Drivers/STM32F1xx_HAL_Driver/Src/stm32f1xx_hal_pwr.c.obj
 .comment       0x0000000000000033       0x34 cmake/stm32cubemx/CMakeFiles/STM32_Drivers.dir/__/__/Drivers/STM32F1xx_HAL_Driver/Src/stm32f1xx_hal_rtc.c.obj
 .comment       0x0000000000000033       0x34 cmake/stm32cubemx/CMakeFiles/STM32_Drivers.dir/__/__/Drivers/STM32F1xx_HAL_Driver/Src/stm32f1xx_hal_spi.c.obj
 .comment       0x0000000000000033       0x34 cmake/stm32cubemx/CMakeFiles/STM32_Drivers.dir/__/__/Drivers/STM32F1xx_HAL_Driver/Src/stm32f1xx_hal_uart.c.obj
 .comment       0x0000000000000033       0x34 cmake/stm32cubemx/CMakeFiles/FatFs.dir/__/__/Middlewares/Third_Party/FatFs/src/diskio.c.obj
 .comment       0x0000000000000033       0x34 cmake/stm32cubemx/CMakeFiles/FatFs.dir/__/__/Middlewares/Third_Party/FatFs/src/ff.c.obj
 .comment       0x0000000000000033       0x34 cmake/stm32cubemx/CMakeFiles/FatFs.dir/__/__/Middlewares/Third_Party/FatFs/src/ff_gen_drv.c.obj
 .comment       0x0000000000000033       0x34 cmake/stm32cubemx/CMakeFiles/FatFs.dir/__/__/Middlewares/Third_Party/FatFs/src/option/unicode.c.obj
 .comment       0x0000000000000033       0x34 CMakeFiles/bl602_flash_programmer.dir/FATFS/App/fatfs.c.obj
 .comment       0x0000000000000033       0x34 CMakeFiles/bl602_flash_programmer.dir/FATFS/Target/user_diskio.c.obj
 .comment       0x0000000000000033       0x34 CMakeFiles/bl602_flash_programmer.dir/Core/Src/main.c.obj
 .comment       0x0000000000000033       0x34 CMakeFiles/bl602_flash_programmer.dir/Core/Src/stm32f1xx_it.c.obj
 .comment       0x0000000000000033       0x34 CMakeFiles/bl602_flash_programmer.dir/Core/Src/stm32f1xx_hal_msp.c.obj
 .comment       0x0000000000000033       0x34 CMakeFiles/bl602_flash_programmer.dir/Core/Src/sysmem.c.obj
 .comment       0x0000000000000033       0x34 CMakeFiles/bl602_flash_programmer.dir/App/bootrom_isp.c.obj
 .comment       0x0000000000000033       0x34 CMakeFiles/bl602_flash_programmer.dir/App/isp_log.c.obj
 .comment       0x0000000000000033       0x34 CMakeFiles/bl602_flash_programmer.dir/App/sd_file_demo.c.obj
 .comment       0x0000000000000033       0x34 CMakeFiles/bl602_flash_programmer.dir/FATFS/Target/fatfs_sd.c.obj
 .comment       0x0000000000000033       0x34 /usr/lib/gcc/arm-none-eabi/10.3.1/../../../arm-none-eabi/lib/thumb/v7-m/nofp/libg_nano.a(lib_a-ctype_.o)
 .comment       0x0000000000000033       0x34 /usr/lib/gcc/arm-none-eabi/10.3.1/../../../arm-none-eabi/lib/thumb/v7-m/nofp/libg_nano.a(lib_a-errno.o)
 .comment       0x0000000000000033       0x34 /usr/lib/gcc/arm-none-eabi/10.3.1/../../../arm-none-eabi/lib/thumb/v7-m/nofp/libg_nano.a(lib_a-impure.o)
 .comment       0x0000000000000033       0x34 /usr/lib/gcc/arm-none-eabi/10.3.1/../../../arm-none-eabi/lib/thumb/v7-m/nofp/libg_nano.a(lib_a-init.o)
 .comment       0x0000000000000033       0x34 /usr/lib/gcc/arm-none-eabi/10.3.1/../../../arm-none-eabi/lib/thumb/v7-m/nofp/libg_nano.a(lib_a-memcmp.o)
 .comment       0x0000000000000033       0x34 /usr/lib/gcc/arm-none-eabi/10.3.1/../../../arm-none-eabi/lib/thumb/v7-m/nofp/libg_nano.a(lib_a-memmove.o)
 .comment       0x0000000000000033       0x34 /usr/lib/gcc/arm-none-eabi/10.3.1/../../../arm-none-eabi/lib/thumb/v7-m/nofp/libg_nano.a(lib_a-memset.o)
 .comment       0x0000000000000033       0x34 /usr/lib/gcc/arm-none-eabi/10.3.1/../../../arm-none-eabi/lib/thumb/v7-m/nofp/libg_nano.a(lib_a-snprintf.o)
 .comment       0x0000000000000033       0x34 /usr/lib/gcc/arm-none-eabi/10.3.1/../../../arm-none-eabi/lib/thumb/v7-m/nofp/libg_nano.a(lib_a-strlen-stub.o)
 .comment       0x0000000000000033       0x34 /usr/lib/gcc/arm-none-eabi/10.3.1/../../../arm-none-eabi/lib/thumb/v7-m/nofp/libg_nano.a(lib_a-vsnprintf.o)
 .comment       0x0000000000000033       0x34 /usr/lib/gcc/arm-none-eabi/10.3.1/../../../arm-none-eabi/lib/thumb/v7-m/nofp/libg_nano.a(lib_a-nano-svfprintf.o)
 .comment       0x0000000000000033       0x34 /usr/lib/gcc/arm-none-eabi/10.3.1/../../../arm-none-eabi/lib/thumb/v7-m/nofp/libg_nano.a(lib_a-nano-vfprintf_i.o)
 .comment       0x0000000000000033       0x34 /usr/lib/gcc/arm-none-eabi/10.3.1/../../../arm-none-eabi/lib/thumb/v7-m/nofp/libg_nano.a(lib_a-memchr-stub.o)
 .comment       0x0000000000000033       0x34 /usr/lib/gcc/arm-none-eabi/10.3.1/../../../arm-none-eabi/lib/thumb/v7-m/nofp/libg_nano.a(lib_a-nano-freer.o)
 .comment       0x0000000000000033       0x34 /usr/lib/gcc/arm-none-eabi/10.3.1/../../../arm-none-eabi/lib/thumb/v7-m/nofp/libg_nano.a(lib_a-nano-mallocr.o)
 .comment       0x0000000000000033       0x34 /usr/lib/gcc/arm-none-eabi/10.3.1/../../../arm-none-eabi/lib/thumb/v7-m/nofp/libg_nano.a(lib_a-nano-reallocr.o)
 .comment       0x0000000000000033       0x34 /usr/lib/gcc/arm-none-eabi/10.3.1/../../../arm-none-eabi/lib/thumb/v7-m/nofp/libg_nano.a(lib_a-sbrkr.o)
 .comment       0x0000000000000033       0x34 /usr/lib/gcc/arm-none-eabi/10.3.1/../../../arm-none-eabi/lib/thumb/v7-m/nofp/libg_nano.a(lib_a-mlock.o)
 .comment       0x0000000000000033       0x34 /usr/lib/gcc/arm-none-eabi/10.3.1/../../../arm-none-eabi/lib/thumb/v7-m/nofp/libg_nano.a(lib_a-nano-msizer.o)
 .comment       0x0000000000000033       0x34 /usr/lib/gcc/arm-none-eabi/10.3.1/../../../arm-none-eabi/lib/thumb/v7-m/nofp/libg_nano.a(lib_a-reent.o)
 .comment       0x0000000000000033       0x34 /usr/lib/gcc/arm-none-eabi/10.3.1/thumb/v7-m/nofp/crtend.o

.debug_info     0x0000000000000000     0x8a3a
 .debug_info    0x0000000000000000       0xb8 /usr/lib/gcc/arm-none-eabi/10.3.1/../../../arm-none-eabi/lib/thumb/v7-m/nofp/libg_nano.a(lib_a-ctype_.o)
 .debug_info    0x00000000000000b8      0x7ae /usr/lib/gcc/arm-none-eabi/10.3.1/../../../arm-none-eabi/lib/thumb/v7-m/nofp/libg_nano.a(lib_a-errno.o)
 .debug_info    0x0000000000000866      0x863 /usr/lib/gcc/arm-none-eabi/10.3.1/../../../arm-none-eabi/lib/thumb/v7-m/nofp/libg_nano.a(lib_a-impure.o)
 .debug_info    0x00000000000010c9      0x11a /usr/lib/gcc/arm-none-eabi/10.3.1/../../../arm-none-eabi/lib/thumb/v7-m/nofp/libg_nano.a(lib_a-init.o)
 .debug_info    0x00000000000011e3      0x138 /usr/lib/gcc/arm-none-eabi/10.3.1/../../../arm-none-eabi/lib/thumb/v7-m/nofp/libg_nano.a(lib_a-memcmp.o)
 .debug_info    0x000000000000131b       0x26 /usr/lib/gcc/arm-none-eabi/10.3.1/../../../arm-none-eabi/lib/thumb/v7-m/nofp/libg_nano.a(lib_a-memcpy.o)
 .debug_info    0x0000000000001341      0x152 /usr/lib/gcc/arm-none-eabi/10.3.1/../../../arm-none-eabi/lib/thumb/v7-m/nofp/libg_nano.a(lib_a-memmove.o)
 .debug_info    0x0000000000001493      0x137 /usr/lib/gcc/arm-none-eabi/10.3.1/../../../arm-none-eabi/lib/thumb/v7-m/nofp/libg_nano.a(lib_a-memset.o)
 .debug_info    0x00000000000015ca      0x9b5 /usr/lib/gcc/arm-none-eabi/10.3.1/../../../arm-none-eabi/lib/thumb/v7-m/nofp/libg_nano.a(lib_a-snprintf.o)
 .debug_info    0x0000000000001f7f       0x26 /usr/lib/gcc/arm-none-eabi/10.3.1/../../../arm-none-eabi/lib/thumb/v7-m/nofp/libg_nano.a(lib_a-strcmp.o)
 .debug_info    0x0000000000001fa5       0xbc /usr/lib/gcc/arm-none-eabi/10.3.1/../../../arm-none-eabi/lib/thumb/v7-m/nofp/libg_nano.a(lib_a-strlen-stub.o)
 .debug_info    0x0000000000002061      0x9f9 /usr/lib/gcc/arm-none-eabi/10.3.1/../../../arm-none-eabi/lib/thumb/v7-m/nofp/libg_nano.a(lib_a-vsnprintf.o)
 .debug_info    0x0000000000002a5a     0x10d5 /usr/lib/gcc/arm-none-eabi/10.3.1/../../../arm-none-eabi/lib/thumb/v7-m/nofp/libg_nano.a(lib_a-nano-svfprintf.o)
 .debug_info    0x0000000000003b2f      0xe9e /usr/lib/gcc/arm-none-eabi/10.3.1/../../../arm-none-eabi/lib/thumb/v7-m/nofp/libg_nano.a(lib_a-nano-vfprintf_i.o)
 .debug_info    0x00000000000049cd      0x14e /usr/lib/gcc/arm-none-eabi/10.3.1/../../../arm-none-eabi/lib/thumb/v7-m/nofp/libg_nano.a(lib_a-memchr-stub.o)
 .debug_info    0x0000000000004b1b      0x940 /usr/lib/gcc/arm-none-eabi/10.3.1/../../../arm-none-eabi/lib/thumb/v7-m/nofp/libg_nano.a(lib_a-nano-freer.o)
 .debug_info    0x000000000000545b      0xa0c /usr/lib/gcc/arm-none-eabi/10.3.1/../../../arm-none-eabi/lib/thumb/v7-m/nofp/libg_nano.a(lib_a-nano-mallocr.o)
 .debug_info    0x0000000000005e67      0x911 /usr/lib/gcc/arm-none-eabi/10.3.1/../../../arm-none-eabi/lib/thumb/v7-m/nofp/libg_nano.a(lib_a-nano-reallocr.o)
 .debug_info    0x0000000000006778      0x828 /usr/lib/gcc/arm-none-eabi/10.3.1/../../../arm-none-eabi/lib/thumb/v7-m/nofp/libg_nano.a(lib_a-sbrkr.o)
 .debug_info    0x0000000000006fa0      0x7dc /usr/lib/gcc/arm-none-eabi/10.3.1/../../../arm-none-eabi/lib/thumb/v7-m/nofp/libg_nano.a(lib_a-mlock.o)
 .debug_info    0x000000000000777c      0x840 /usr/lib/gcc/arm-none-eabi/10.3.1/../../../arm-none-eabi/lib/thumb/v7-m/nofp/libg_nano.a(lib_a-nano-msizer.o)
 .debug_info    0x0000000000007fbc      0xa7e /usr/lib/gcc/arm-none-eabi/10.3.1/../../../arm-none-eabi/lib/thumb/v7-m/nofp/libg_nano.a(lib_a-reent.o)

.debug_abbrev   0x0000000000000000     0x1f05
 .debug_abbrev  0x0000000000000000       0x62 /usr/lib/gcc/arm-none-eabi/10.3.1/../../../arm-none-eabi/lib/thumb/v7-m/nofp/libg_nano.a(lib_a-ctype_.o)
 .debug_abbrev  0x0000000000000062      0x157 /usr/lib/gcc/arm-none-eabi/10.3.1/../../../arm-none-eabi/lib/thumb/v7-m/nofp/libg_nano.a(lib_a-errno.o)
 .debug_abbrev  0x00000000000001b9      0x151 /usr/lib/gcc/arm-none-eabi/10.3.1/../../../arm-none-eabi/lib/thumb/v7-m/nofp/libg_nano.a(lib_a-impure.o)
 .debug_abbrev  0x000000000000030a       0xcc /usr/lib/gcc/arm-none-eabi/10.3.1/../../../arm-none-eabi/lib/thumb/v7-m/nofp/libg_nano.a(lib_a-init.o)
 .debug_abbrev  0x00000000000003d6       0x8d /usr/lib/gcc/arm-none-eabi/10.3.1/../../../arm-none-eabi/lib/thumb/v7-m/nofp/libg_nano.a(lib_a-memcmp.o)
 .debug_abbrev  0x0000000000000463       0x14 /usr/lib/gcc/arm-none-eabi/10.3.1/../../../arm-none-eabi/lib/thumb/v7-m/nofp/libg_nano.a(lib_a-memcpy.o)
 .debug_abbrev  0x0000000000000477       0xc0 /usr/lib/gcc/arm-none-eabi/10.3.1/../../../arm-none-eabi/lib/thumb/v7-m/nofp/libg_nano.a(lib_a-memmove.o)
 .debug_abbrev  0x0000000000000537       0xb4 /usr/lib/gcc/arm-none-eabi/10.3.1/../../../arm-none-eabi/lib/thumb/v7-m/nofp/libg_nano.a(lib_a-memset.o)
 .debug_abbrev  0x00000000000005eb      0x216 /usr/lib/gcc/arm-none-eabi/10.3.1/../../../arm-none-eabi/lib/thumb/v7-m/nofp/libg_nano.a(lib_a-snprintf.o)
 .debug_abbrev  0x0000000000000801       0x14 /usr/lib/gcc/arm-none-eabi/10.3.1/../../../arm-none-eabi/lib/thumb/v7-m/nofp/libg_nano.a(lib_a-strcmp.o)
 .debug_abbrev  0x0000000000000815       0x79 /usr/lib/gcc/arm-none-eabi/10.3.1/../../../arm-none-eabi/lib/thumb/v7-m/nofp/libg_nano.a(lib_a-strlen-stub.o)
 .debug_abbrev  0x000000000000088e      0x27d /usr/lib/gcc/arm-none-eabi/10.3.1/../../../arm-none-eabi/lib/thumb/v7-m/nofp/libg_nano.a(lib_a-vsnprintf.o)
 .debug_abbrev  0x0000000000000b0b      0x2ca /usr/lib/gcc/arm-none-eabi/10.3.1/../../../arm-none-eabi/lib/thumb/v7-m/nofp/libg_nano.a(lib_a-nano-svfprintf.o)
 .debug_abbrev  0x0000000000000dd5      0x25c /usr/lib/gcc/arm-none-eabi/10.3.1/../../../arm-none-eabi/lib/thumb/v7-m/nofp/libg_nano.a(lib_a-nano-vfprintf_i.o)
 .debug_abbrev  0x0000000000001031       0xd4 /usr/lib/gcc/arm-none-eabi/10.3.1/../../../arm-none-eabi/lib/thumb/v7-m/nofp/libg_nano.a(lib_a-memchr-stub.o)
 .debug_abbrev  0x0000000000001105      0x245 /usr/lib/gcc/arm-none-eabi/10.3.1/../../../arm-none-eabi/lib/thumb/v7-m/nofp/libg_nano.a(lib_a-nano-freer.o)
 .debug_abbrev  0x000000000000134a      0x290 /usr/lib/gcc/arm-none-eabi/10.3.1/../../../arm-none-eabi/lib/thumb/v7-m/nofp/libg_nano.a(lib_a-nano-mallocr.o)
 .debug_abbrev  0x00000000000015da      0x1d6 /usr/lib/gcc/arm-none-eabi/10.3.1/../../../arm-none-eabi/lib/thumb/v7-m/nofp/libg_nano.a(lib_a-nano-reallocr.o)
 .debug_abbrev  0x00000000000017b0      0x1d6 /usr/lib/gcc/arm-none-eabi/10.3.1/../../../arm-none-eabi/lib/thumb/v7-m/nofp/libg_nano.a(lib_a-sbrkr.o)
 .debug_abbrev  0x0000000000001986      0x189 /usr/lib/gcc/arm-none-eabi/10.3.1/../../../arm-none-eabi/lib/thumb/v7-m/nofp/libg_nano.a(lib_a-mlock.o)
 .debug_abbrev  0x0000000000001b0f      0x191 /usr/lib/gcc/arm-none-eabi/10.3.1/../../../arm-none-eabi/lib/thumb/v7-m/nofp/libg_nano.a(lib_a-nano-msizer.o)
 .debug_abbrev  0x0000000000001ca0      0x265 /usr/lib/gcc/arm-none-eabi/10.3.1/../../../arm-none-eabi/lib/thumb/v7-m/nofp/libg_nano.a(lib_a-reent.o)

.debug_aranges  0x0000000000000000      0x2b0
 .debug_aranges
                0x0000000000000000       0x18 /usr/lib/gcc/arm-none-eabi/10.3.1/../../../arm-none-eabi/lib/thumb/v7-m/nofp/libg_nano.a(lib_a-ctype_.o)
 .debug_aranges
                0x0000000000000018       0x20 /usr/lib/gcc/arm-none-eabi/10.3.1/../../../arm-none-eabi/lib/thumb/v7-m/nofp/libg_nano.a(lib_a-errno.o)
 .debug_aranges
                0x0000000000000038       0x18 /usr/lib/gcc/arm-none-eabi/10.3.1/../../../arm-none-eabi/lib/thumb/v7-m/nofp/libg_nano.a(lib_a-impure.o)
 .debug_aranges
                0x0000000000000050       0x20 /usr/lib/gcc/arm-none-eabi/10.3.1/../../../arm-none-eabi/lib/thumb/v7-m/nofp/libg_nano.a(lib_a-init.o)
 .debug_aranges
                0x0000000000000070       0x20 /usr/lib/gcc/arm-none-eabi/10.3.1/../../../arm-none-eabi/lib/thumb/v7-m/nofp/libg_nano.a(lib_a-memcmp.o)
 .debug_aranges
                0x0000000000000090       0x20 /usr/lib/gcc/arm-none-eabi/10.3.1/../../../arm-none-eabi/lib/thumb/v7-m/nofp/libg_nano.a(lib_a-memcpy.o)
 .debug_aranges
                0x00000000000000b0       0x20 /usr/lib/gcc/arm-none-eabi/10.3.1/../../../arm-none-eabi/lib/thumb/v7-m/nofp/libg_nano.a(lib_a-memmove.o)
 .debug_aranges
                0x00000000000000d0       0x20 /usr/lib/gcc/arm-none-eabi/10.3.1/../../../arm-none-eabi/lib/thumb/v7-m/nofp/libg_nano.a(lib_a-memset.o)
 .debug_aranges
                0x00000000000000f0       0x20 /usr/lib/gcc/arm-none-eabi/10.3.1/../../../arm-none-eabi/lib/thumb/v7-m/nofp/libg_nano.a(lib_a-snprintf.o)
 .debug_aranges
                0x0000000000000110       0x20 /usr/lib/gcc/arm-none-eabi/10.3.1/../../../arm-none-eabi/lib/thumb/v7-m/nofp/libg_nano.a(lib_a-strcmp.o)
 .debug_aranges
                0x0000000000000130       0x20 /usr/lib/gcc/arm-none-eabi/10.3.1/../../../arm-none-eabi/lib/thumb/v7-m/nofp/libg_nano.a(lib_a-strlen-stub.o)
 .debug_aranges
                0x0000000000000150       0x20 /usr/lib/gcc/arm-none-eabi/10.3.1/../../../arm-none-eabi/lib/thumb/v7-m/nofp/libg_nano.a(lib_a-vsnprintf.o)
 .debug_aranges
                0x0000000000000170       0x20 /usr/lib/gcc/arm-none-eabi/10.3.1/../../../arm-none-eabi/lib/thumb/v7-m/nofp/libg_nano.a(lib_a-nano-svfprintf.o)
 .debug_aranges
                0x0000000000000190       0x20 /usr/lib/gcc/arm-none-eabi/10.3.1/../../../arm-none-eabi/lib/thumb/v7-m/nofp/libg_nano.a(lib_a-nano-vfprintf_i.o)
 .debug_aranges
                0x00000000000001b0       0x20 /usr/lib/gcc/arm-none-eabi/10.3.1/../../../arm-none-eabi/lib/thumb/v7-m/nofp/libg_nano.a(lib_a-memchr-stub.o)
 .debug_aranges
                0x00000000000001d0       0x20 /usr/lib/gcc/arm-none-eabi/10.3.1/../../../arm-none-eabi/lib/thumb/v7-m/nofp/libg_nano.a(lib_a-nano-freer.o)
 .debug_aranges
                0x00000000000001f0       0x20 /usr/lib/gcc/arm-none-eabi/10.3.1/../../../arm-none-eabi/lib/thumb/v7-m/nofp/libg_nano.a(lib_a-nano-mallocr.o)
 .debug_aranges
                0x0000000000000210       0x20 /usr/lib/gcc/arm-none-eabi/10.3.1/../../../arm-none-eabi/lib/thumb/v7-m/nofp/libg_nano.a(lib_a-nano-reallocr.o)
 .debug_aranges
                0x0000000000000230       0x20 /usr/lib/gcc/arm-none-eabi/10.3.1/../../../arm-none-eabi/lib/thumb/v7-m/nofp/libg_nano.a(lib_a-sbrkr.o)
 .debug_aranges
                0x0000000000000250       0x20 /usr/lib/gcc/arm-none-eabi/10.3.1/../../../arm-none-eabi/lib/thumb/v7-m/nofp/libg_nano.a(lib_a-mlock.o)
 .debug_aranges
                0x0000000000000270       0x20 /usr/lib/gcc/arm-none-eabi/10.3.1/../../../arm-none-eabi/lib/thumb/v7-m/nofp/libg_nano.a(lib_a-nano-msizer.o)
 .debug_aranges
                0x0000000000000290       0x20 /usr/lib/gcc/arm-none-eabi/10.3.1/../../../arm-none-eabi/lib/thumb/v7-m/nofp/libg_nano.a(lib_a-reent.o)

.debug_line     0x0000000000000000     0x3222
 .debug_line    0x0000000000000000       0x5e /usr/lib/gcc/arm-none-eabi/10.3.1/../../../arm-none-eabi/lib/thumb/v7-m/nofp/libg_nano.a(lib_a-ctype_.o)
 .debug_line    0x000000000000005e      0x109 /usr/lib/gcc/arm-none-eabi/10.3.1/../../../arm-none-eabi/lib/thumb/v7-m/nofp/libg_nano.a(lib_a-errno.o)
 .debug_line    0x0000000000000167       0xe4 /usr/lib/gcc/arm-none-eabi/10.3.1/../../../arm-none-eabi/lib/thumb/v7-m/nofp/libg_nano.a(lib_a-impure.o)
 .debug_line    0x000000000000024b      0x13f /usr/lib/gcc/arm-none-eabi/10.3.1/../../../arm-none-eabi/lib/thumb/v7-m/nofp/libg_nano.a(lib_a-init.o)
 .debug_line    0x000000000000038a      0x17a /usr/lib/gcc/arm-none-eabi/10.3.1/../../../arm-none-eabi/lib/thumb/v7-m/nofp/libg_nano.a(lib_a-memcmp.o)
 .debug_line    0x0000000000000504       0xc1 /usr/lib/gcc/arm-none-eabi/10.3.1/../../../arm-none-eabi/lib/thumb/v7-m/nofp/libg_nano.a(lib_a-memcpy.o)
 .debug_line    0x00000000000005c5      0x206 /usr/lib/gcc/arm-none-eabi/10.3.1/../../../arm-none-eabi/lib/thumb/v7-m/nofp/libg_nano.a(lib_a-memmove.o)
 .debug_line    0x00000000000007cb      0x1bf /usr/lib/gcc/arm-none-eabi/10.3.1/../../../arm-none-eabi/lib/thumb/v7-m/nofp/libg_nano.a(lib_a-memset.o)
 .debug_line    0x000000000000098a      0x380 /usr/lib/gcc/arm-none-eabi/10.3.1/../../../arm-none-eabi/lib/thumb/v7-m/nofp/libg_nano.a(lib_a-snprintf.o)
 .debug_line    0x0000000000000d0a      0x106 /usr/lib/gcc/arm-none-eabi/10.3.1/../../../arm-none-eabi/lib/thumb/v7-m/nofp/libg_nano.a(lib_a-strcmp.o)
 .debug_line    0x0000000000000e10       0xf4 /usr/lib/gcc/arm-none-eabi/10.3.1/../../../arm-none-eabi/lib/thumb/v7-m/nofp/libg_nano.a(lib_a-strlen-stub.o)
 .debug_line    0x0000000000000f04      0x333 /usr/lib/gcc/arm-none-eabi/10.3.1/../../../arm-none-eabi/lib/thumb/v7-m/nofp/libg_nano.a(lib_a-vsnprintf.o)
 .debug_line    0x0000000000001237      0x850 /usr/lib/gcc/arm-none-eabi/10.3.1/../../../arm-none-eabi/lib/thumb/v7-m/nofp/libg_nano.a(lib_a-nano-svfprintf.o)
 .debug_line    0x0000000000001a87      0x75e /usr/lib/gcc/arm-none-eabi/10.3.1/../../../arm-none-eabi/lib/thumb/v7-m/nofp/libg_nano.a(lib_a-nano-vfprintf_i.o)
 .debug_line    0x00000000000021e5      0x1d0 /usr/lib/gcc/arm-none-eabi/10.3.1/../../../arm-none-eabi/lib/thumb/v7-m/nofp/libg_nano.a(lib_a-memchr-stub.o)
 .debug_line    0x00000000000023b5      0x2e5 /usr/lib/gcc/arm-none-eabi/10.3.1/../../../arm-none-eabi/lib/thumb/v7-m/nofp/libg_nano.a(lib_a-nano-freer.o)
 .debug_line    0x000000000000269a      0x2d6 /usr/lib/gcc/arm-none-eabi/10.3.1/../../../arm-none-eabi/lib/thumb/v7-m/nofp/libg_nano.a(lib_a-nano-mallocr.o)
 .debug_line    0x0000000000002970      0x1c7 /usr/lib/gcc/arm-none-eabi/10.3.1/../../../arm-none-eabi/lib/thumb/v7-m/nofp/libg_nano.a(lib_a-nano-reallocr.o)
 .debug_line    0x0000000000002b37      0x186 /usr/lib/gcc/arm-none-eabi/10.3.1/../../../arm-none-eabi/lib/thumb/v7-m/nofp/libg_nano.a(lib_a-sbrkr.o)
 .debug_line    0x0000000000002cbd      0x13e /usr/lib/gcc/arm-none-eabi/10.3.1/../../../arm-none-eabi/lib/thumb/v7-m/nofp/libg_nano.a(lib_a-mlock.o)
 .debug_line    0x0000000000002dfb      0x160 /usr/lib/gcc/arm-none-eabi/10.3.1/../../../arm-none-eabi/lib/thumb/v7-m/nofp/libg_nano.a(lib_a-nano-msizer.o)
 .debug_line    0x0000000000002f5b      0x2c7 /usr/lib/gcc/arm-none-eabi/10.3.1/../../../arm-none-eabi/lib/thumb/v7-m/nofp/libg_nano.a(lib_a-reent.o)

.debug_str      0x0000000000000000     0x1076
 .debug_str     0x0000000000000000      0x163 /usr/lib/gcc/arm-none-eabi/10.3.1/../../../arm-none-eabi/lib/thumb/v7-m/nofp/libg_nano.a(lib_a-ctype_.o)
                                        0x19c (size before relaxing)
 .debug_str     0x0000000000000163      0x398 /usr/lib/gcc/arm-none-eabi/10.3.1/../../../arm-none-eabi/lib/thumb/v7-m/nofp/libg_nano.a(lib_a-errno.o)
                                        0x4ff (size before relaxing)
 .debug_str     0x00000000000004fb       0xee /usr/lib/gcc/arm-none-eabi/10.3.1/../../../arm-none-eabi/lib/thumb/v7-m/nofp/libg_nano.a(lib_a-impure.o)
                                        0x556 (size before relaxing)
 .debug_str     0x00000000000005e9       0xf2 /usr/lib/gcc/arm-none-eabi/10.3.1/../../../arm-none-eabi/lib/thumb/v7-m/nofp/libg_nano.a(lib_a-init.o)
                                        0x203 (size before relaxing)
 .debug_str     0x00000000000006db       0x99 /usr/lib/gcc/arm-none-eabi/10.3.1/../../../arm-none-eabi/lib/thumb/v7-m/nofp/libg_nano.a(lib_a-memcmp.o)
                                        0x1a4 (size before relaxing)
 .debug_str     0x0000000000000774       0xb2 /usr/lib/gcc/arm-none-eabi/10.3.1/../../../arm-none-eabi/lib/thumb/v7-m/nofp/libg_nano.a(lib_a-memcpy.o)
 .debug_str     0x0000000000000826       0x6e /usr/lib/gcc/arm-none-eabi/10.3.1/../../../arm-none-eabi/lib/thumb/v7-m/nofp/libg_nano.a(lib_a-memmove.o)
                                        0x1d7 (size before relaxing)
 .debug_str     0x0000000000000894       0x4f /usr/lib/gcc/arm-none-eabi/10.3.1/../../../arm-none-eabi/lib/thumb/v7-m/nofp/libg_nano.a(lib_a-memset.o)
                                        0x1b8 (size before relaxing)
 .debug_str     0x00000000000008e3       0xc9 /usr/lib/gcc/arm-none-eabi/10.3.1/../../../arm-none-eabi/lib/thumb/v7-m/nofp/libg_nano.a(lib_a-snprintf.o)
                                        0x553 (size before relaxing)
 .debug_str     0x00000000000009ac       0x43 /usr/lib/gcc/arm-none-eabi/10.3.1/../../../arm-none-eabi/lib/thumb/v7-m/nofp/libg_nano.a(lib_a-strcmp.o)
                                         0xb2 (size before relaxing)
 .debug_str     0x00000000000009ef       0x48 /usr/lib/gcc/arm-none-eabi/10.3.1/../../../arm-none-eabi/lib/thumb/v7-m/nofp/libg_nano.a(lib_a-strlen-stub.o)
                                        0x1b6 (size before relaxing)
 .debug_str     0x0000000000000a37       0x4d /usr/lib/gcc/arm-none-eabi/10.3.1/../../../arm-none-eabi/lib/thumb/v7-m/nofp/libg_nano.a(lib_a-vsnprintf.o)
                                        0x556 (size before relaxing)
 .debug_str     0x0000000000000a84      0x298 /usr/lib/gcc/arm-none-eabi/10.3.1/../../../arm-none-eabi/lib/thumb/v7-m/nofp/libg_nano.a(lib_a-nano-svfprintf.o)
                                        0x84d (size before relaxing)
 .debug_str     0x0000000000000d1c       0x94 /usr/lib/gcc/arm-none-eabi/10.3.1/../../../arm-none-eabi/lib/thumb/v7-m/nofp/libg_nano.a(lib_a-nano-vfprintf_i.o)
                                        0x7e4 (size before relaxing)
 .debug_str     0x0000000000000db0       0x4b /usr/lib/gcc/arm-none-eabi/10.3.1/../../../arm-none-eabi/lib/thumb/v7-m/nofp/libg_nano.a(lib_a-memchr-stub.o)
                                        0x1d0 (size before relaxing)
 .debug_str     0x0000000000000dfb      0x112 /usr/lib/gcc/arm-none-eabi/10.3.1/../../../arm-none-eabi/lib/thumb/v7-m/nofp/libg_nano.a(lib_a-nano-freer.o)
                                        0x58d (size before relaxing)
 .debug_str     0x0000000000000f0d       0x46 /usr/lib/gcc/arm-none-eabi/10.3.1/../../../arm-none-eabi/lib/thumb/v7-m/nofp/libg_nano.a(lib_a-nano-mallocr.o)
                                        0x5b8 (size before relaxing)
 .debug_str     0x0000000000000f53       0x23 /usr/lib/gcc/arm-none-eabi/10.3.1/../../../arm-none-eabi/lib/thumb/v7-m/nofp/libg_nano.a(lib_a-nano-reallocr.o)
                                        0x577 (size before relaxing)
 .debug_str     0x0000000000000f76       0x47 /usr/lib/gcc/arm-none-eabi/10.3.1/../../../arm-none-eabi/lib/thumb/v7-m/nofp/libg_nano.a(lib_a-sbrkr.o)
                                        0x50e (size before relaxing)
 .debug_str     0x0000000000000fbd       0x4c /usr/lib/gcc/arm-none-eabi/10.3.1/../../../arm-none-eabi/lib/thumb/v7-m/nofp/libg_nano.a(lib_a-mlock.o)
                                        0x524 (size before relaxing)
 .debug_str     0x0000000000001009        0xf /usr/lib/gcc/arm-none-eabi/10.3.1/../../../arm-none-eabi/lib/thumb/v7-m/nofp/libg_nano.a(lib_a-nano-msizer.o)
                                        0x555 (size before relaxing)
 .debug_str     0x0000000000001018       0x5e /usr/lib/gcc/arm-none-eabi/10.3.1/../../../arm-none-eabi/lib/thumb/v7-m/nofp/libg_nano.a(lib_a-reent.o)
                                        0x536 (size before relaxing)

.debug_frame    0x0000000000000000      0x508
 .debug_frame   0x0000000000000000       0x20 /usr/lib/gcc/arm-none-eabi/10.3.1/../../../arm-none-eabi/lib/thumb/v7-m/nofp/libg_nano.a(lib_a-errno.o)
 .debug_frame   0x0000000000000020       0x2c /usr/lib/gcc/arm-none-eabi/10.3.1/../../../arm-none-eabi/lib/thumb/v7-m/nofp/libg_nano.a(lib_a-init.o)
 .debug_frame   0x000000000000004c       0x28 /usr/lib/gcc/arm-none-eabi/10.3.1/../../../arm-none-eabi/lib/thumb/v7-m/nofp/libg_nano.a(lib_a-memcmp.o)
 .debug_frame   0x0000000000000074       0x40 /usr/lib/gcc/arm-none-eabi/10.3.1/../../../arm-none-eabi/lib/thumb/v7-m/nofp/libg_nano.a(lib_a-memmove.o)