/home/rita/project/bl602_flash_driver/usb_msc_offline_flasher/bl602_flash_programmer/Drivers/STM32F1xx_HAL_Driver/Src/stm32f1xx_hal_rcc_ex.c:98:19:HAL_RCCEx_PeriphCLKConfig	32	static
/home/rita/project/bl602_flash_driver/usb_msc_offline_flasher/bl602_flash_programmer/Drivers/STM32F1xx_HAL_Driver/Src/stm32f1xx_hal_rcc_ex.c:292:6:HAL_RCCEx_GetPeriphCLKConfig	0	static
/home/rita/project/bl602_flash_driver/usb_msc_offline_flasher/bl602_flash_programmer/Drivers/STM32F1xx_HAL_Driver/Src/stm32f1xx_hal_rcc_ex.c:385:10:HAL_RCCEx_GetPeriphCLKFreq	8	static
