/home/rita/project/bl602_flash_driver/usb_msc_offline_flasher/bl602_flash_programmer/Drivers/STM32F1xx_HAL_Driver/Src/stm32f1xx_hal_rtc.c:1588:17:RTC_ReadTimeCounter	12	static
/home/rita/project/bl602_flash_driver/usb_msc_offline_flasher/bl602_flash_programmer/Drivers/STM32F1xx_HAL_Driver/Src/stm32f1xx_hal_rtc.c:1652:17:RTC_ReadAlarmCounter	0	static
/home/rita/project/bl602_flash_driver/usb_msc_offline_flasher/bl602_flash_programmer/Drivers/STM32F1xx_HAL_Driver/Src/stm32f1xx_hal_rtc.c:1753:16:RTC_ByteToBcd2	0	static
/home/rita/project/bl602_flash_driver/usb_msc_offline_flasher/bl602_flash_programmer/Drivers/STM32F1xx_HAL_Driver/Src/stm32f1xx_hal_rtc.c:1771:16:RTC_Bcd2ToByte	0	static
/home/rita/project/bl602_flash_driver/usb_msc_offline_flasher/bl602_flash_programmer/Drivers/STM32F1xx_HAL_Driver/Src/stm32f1xx_hal_rtc.c:1917:16:RTC_WeekDayNum	12	static
/home/rita/project/bl602_flash_driver/usb_msc_offline_flasher/bl602_flash_programmer/Drivers/STM32F1xx_HAL_Driver/Src/stm32f1xx_hal_rtc.c:1701:26:RTC_EnterInitMode	16	static
/home/rita/project/bl602_flash_driver/usb_msc_offline_flasher/bl602_flash_programmer/Drivers/STM32F1xx_HAL_Driver/Src/stm32f1xx_hal_rtc.c:1728:26:RTC_ExitInitMode	16	static
/home/rita/project/bl602_flash_driver/usb_msc_offline_flasher/bl602_flash_programmer/Drivers/STM32F1xx_HAL_Driver/Src/stm32f1xx_hal_rtc.c:1620:26:RTC_WriteTimeCounter	16	static
/home/rita/project/bl602_flash_driver/usb_msc_offline_flasher/bl602_flash_programmer/Drivers/STM32F1xx_HAL_Driver/Src/stm32f1xx_hal_rtc.c:1669:26:RTC_WriteAlarmCounter	16	static
/home/rita/project/bl602_flash_driver/usb_msc_offline_flasher/bl602_flash_programmer/Drivers/STM32F1xx_HAL_Driver/Src/stm32f1xx_hal_rtc.c:651:13:HAL_RTC_MspInit	0	static
/home/rita/project/bl602_flash_driver/usb_msc_offline_flasher/bl602_flash_programmer/Drivers/STM32F1xx_HAL_Driver/Src/stm32f1xx_hal_rtc.c:666:13:HAL_RTC_MspDeInit	0	static
/home/rita/project/bl602_flash_driver/usb_msc_offline_flasher/bl602_flash_programmer/Drivers/STM32F1xx_HAL_Driver/Src/stm32f1xx_hal_rtc.c:704:19:HAL_RTC_SetTime	24	static
/home/rita/project/bl602_flash_driver/usb_msc_offline_flasher/bl602_flash_programmer/Drivers/STM32F1xx_HAL_Driver/Src/stm32f1xx_hal_rtc.c:803:19:HAL_RTC_GetTime	32	static
/home/rita/project/bl602_flash_driver/usb_msc_offline_flasher/bl602_flash_programmer/Drivers/STM32F1xx_HAL_Driver/Src/stm32f1xx_hal_rtc.c:914:19:HAL_RTC_SetDate	16	static
/home/rita/project/bl602_flash_driver/usb_msc_offline_flasher/bl602_flash_programmer/Drivers/STM32F1xx_HAL_Driver/Src/stm32f1xx_hal_rtc.c:1028:19:HAL_RTC_GetDate	32	static
/home/rita/project/bl602_flash_driver/usb_msc_offline_flasher/bl602_flash_programmer/Drivers/STM32F1xx_HAL_Driver/Src/stm32f1xx_hal_rtc.c:1093:19:HAL_RTC_SetAlarm	40	static
/home/rita/project/bl602_flash_driver/usb_msc_offline_flasher/bl602_flash_programmer/Drivers/STM32F1xx_HAL_Driver/Src/stm32f1xx_hal_rtc.c:1185:19:HAL_RTC_SetAlarm_IT	40	static
/home/rita/project/bl602_flash_driver/usb_msc_offline_flasher/bl602_flash_programmer/Drivers/STM32F1xx_HAL_Driver/Src/stm32f1xx_hal_rtc.c:1290:19:HAL_RTC_GetAlarm	16	static
/home/rita/project/bl602_flash_driver/usb_msc_offline_flasher/bl602_flash_programmer/Drivers/STM32F1xx_HAL_Driver/Src/stm32f1xx_hal_rtc.c:1335:19:HAL_RTC_DeactivateAlarm	16	static
/home/rita/project/bl602_flash_driver/usb_msc_offline_flasher/bl602_flash_programmer/Drivers/STM32F1xx_HAL_Driver/Src/stm32f1xx_hal_rtc.c:1437:13:HAL_RTC_AlarmAEventCallback	0	static
/home/rita/project/bl602_flash_driver/usb_msc_offline_flasher/bl602_flash_programmer/Drivers/STM32F1xx_HAL_Driver/Src/stm32f1xx_hal_rtc.c:1405:6:HAL_RTC_AlarmIRQHandler	8	static
/home/rita/project/bl602_flash_driver/usb_msc_offline_flasher/bl602_flash_programmer/Drivers/STM32F1xx_HAL_Driver/Src/stm32f1xx_hal_rtc.c:1453:19:HAL_RTC_PollForAlarmAEvent	16	static
/home/rita/project/bl602_flash_driver/usb_msc_offline_flasher/bl602_flash_programmer/Drivers/STM32F1xx_HAL_Driver/Src/stm32f1xx_hal_rtc.c:1508:21:HAL_RTC_GetState	0	static
/home/rita/project/bl602_flash_driver/usb_msc_offline_flasher/bl602_flash_programmer/Drivers/STM32F1xx_HAL_Driver/Src/stm32f1xx_hal_rtc.c:1541:19:HAL_RTC_WaitForSynchro	16	static
/home/rita/project/bl602_flash_driver/usb_msc_offline_flasher/bl602_flash_programmer/Drivers/STM32F1xx_HAL_Driver/Src/stm32f1xx_hal_rtc.c:276:19:HAL_RTC_Init	8	static
/home/rita/project/bl602_flash_driver/usb_msc_offline_flasher/bl602_flash_programmer/Drivers/STM32F1xx_HAL_Driver/Src/stm32f1xx_hal_rtc.c:412:19:HAL_RTC_DeInit	16	static
