/home/rita/project/bl602_flash_driver/usb_msc_offline_flasher/bl602_flash_programmer/Drivers/STM32F1xx_HAL_Driver/Src/stm32f1xx_hal_spi.c:3937:13:SPI_AbortRx_ISR	8	static
/home/rita/project/bl602_flash_driver/usb_msc_offline_flasher/bl602_flash_programmer/Drivers/STM32F1xx_HAL_Driver/Src/stm32f1xx_hal_spi.c:3973:13:SPI_AbortTx_ISR	0	static
/home/rita/project/bl602_flash_driver/usb_msc_offline_flasher/bl602_flash_programmer/Drivers/STM32F1xx_HAL_Driver/Src/stm32f1xx_hal_spi.c:3568:26:SPI_WaitFlagStateUntilTimeout	40	static
/home/rita/project/bl602_flash_driver/usb_msc_offline_flasher/bl602_flash_programmer/Drivers/STM32F1xx_HAL_Driver/Src/stm32f1xx_hal_spi.c:3635:26:SPI_EndRxTransaction	24	static
/home/rita/project/bl602_flash_driver/usb_msc_offline_flasher/bl602_flash_programmer/Drivers/STM32F1xx_HAL_Driver/Src/stm32f1xx_hal_spi.c:3672:26:SPI_EndRxTxTransaction	24	static
/home/rita/project/bl602_flash_driver/usb_msc_offline_flasher/bl602_flash_programmer/Drivers/STM32F1xx_HAL_Driver/Src/stm32f1xx_hal_spi.c:507:13:HAL_SPI_MspInit	0	static
/home/rita/project/bl602_flash_driver/usb_msc_offline_flasher/bl602_flash_programmer/Drivers/STM32F1xx_HAL_Driver/Src/stm32f1xx_hal_spi.c:335:19:HAL_SPI_Init	8	static
/home/rita/project/bl602_flash_driver/usb_msc_offline_flasher/bl602_flash_programmer/Drivers/STM32F1xx_HAL_Driver/Src/stm32f1xx_hal_spi.c:523:13:HAL_SPI_MspDeInit	0	static
/home/rita/project/bl602_flash_driver/usb_msc_offline_flasher/bl602_flash_programmer/Drivers/STM32F1xx_HAL_Driver/Src/stm32f1xx_hal_spi.c:463:19:HAL_SPI_DeInit	8	static
/home/rita/project/bl602_flash_driver/usb_msc_offline_flasher/bl602_flash_programmer/Drivers/STM32F1xx_HAL_Driver/Src/stm32f1xx_hal_spi.c:795:19:HAL_SPI_Transmit	32	static
/home/rita/project/bl602_flash_driver/usb_msc_offline_flasher/bl602_flash_programmer/Drivers/STM32F1xx_HAL_Driver/Src/stm32f1xx_hal_spi.c:1177:19:HAL_SPI_TransmitReceive	40	static
/home/rita/project/bl602_flash_driver/usb_msc_offline_flasher/bl602_flash_programmer/Drivers/STM32F1xx_HAL_Driver/Src/stm32f1xx_hal_spi.c:961:19:HAL_SPI_Receive	40	static
/home/rita/project/bl602_flash_driver/usb_msc_offline_flasher/bl602_flash_programmer/Drivers/STM32F1xx_HAL_Driver/Src/stm32f1xx_hal_spi.c:1437:19:HAL_SPI_Transmit_IT	8	static
/home/rita/project/bl602_flash_driver/usb_msc_offline_flasher/bl602_flash_programmer/Drivers/STM32F1xx_HAL_Driver/Src/stm32f1xx_hal_spi.c:1610:19:HAL_SPI_TransmitReceive_IT	12	static
/home/rita/project/bl602_flash_driver/usb_msc_offline_flasher/bl602_flash_programmer/Drivers/STM32F1xx_HAL_Driver/Src/stm32f1xx_hal_spi.c:1519:19:HAL_SPI_Receive_IT	16	static
/home/rita/project/bl602_flash_driver/usb_msc_offline_flasher/bl602_flash_programmer/Drivers/STM32F1xx_HAL_Driver/Src/stm32f1xx_hal_spi.c:1697:19:HAL_SPI_Transmit_DMA	16	static
/home/rita/project/bl602_flash_driver/usb_msc_offline_flasher/bl602_flash_programmer/Drivers/STM32F1xx_HAL_Driver/Src/stm32f1xx_hal_spi.c:1911:19:HAL_SPI_TransmitReceive_DMA	16	static
/home/rita/project/bl602_flash_driver/usb_msc_offline_flasher/bl602_flash_programmer/Drivers/STM32F1xx_HAL_Driver/Src/stm32f1xx_hal_spi.c:1801:19:HAL_SPI_Receive_DMA	24	static
/home/rita/project/bl602_flash_driver/usb_msc_offline_flasher/bl602_flash_programmer/Drivers/STM32F1xx_HAL_Driver/Src/stm32f1xx_hal_spi.c:2054:19:HAL_SPI_Abort	24	static
/home/rita/project/bl602_flash_driver/usb_msc_offline_flasher/bl602_flash_programmer/Drivers/STM32F1xx_HAL_Driver/Src/stm32f1xx_hal_spi.c:2358:19:HAL_SPI_DMAPause	0	static
/home/rita/project/bl602_flash_driver/usb_msc_offline_flasher/bl602_flash_programmer/Drivers/STM32F1xx_HAL_Driver/Src/stm32f1xx_hal_spi.c:2378:19:HAL_SPI_DMAResume	0	static
/home/rita/project/bl602_flash_driver/usb_msc_offline_flasher/bl602_flash_programmer/Drivers/STM32F1xx_HAL_Driver/Src/stm32f1xx_hal_spi.c:2398:19:HAL_SPI_DMAStop	16	static
/home/rita/project/bl602_flash_driver/usb_msc_offline_flasher/bl602_flash_programmer/Drivers/STM32F1xx_HAL_Driver/Src/stm32f1xx_hal_spi.c:2542:13:HAL_SPI_TxCpltCallback	0	static
/home/rita/project/bl602_flash_driver/usb_msc_offline_flasher/bl602_flash_programmer/Drivers/STM32F1xx_HAL_Driver/Src/stm32f1xx_hal_spi.c:2558:13:HAL_SPI_RxCpltCallback	0	static
/home/rita/project/bl602_flash_driver/usb_msc_offline_flasher/bl602_flash_programmer/Drivers/STM32F1xx_HAL_Driver/Src/stm32f1xx_hal_spi.c:2574:13:HAL_SPI_TxRxCpltCallback	0	static
/home/rita/project/bl602_flash_driver/usb_msc_offline_flasher/bl602_flash_programmer/Drivers/STM32F1xx_HAL_Driver/Src/stm32f1xx_hal_spi.c:2590:13:HAL_SPI_TxHalfCpltCallback	0	static
/home/rita/project/bl602_flash_driver/usb_msc_offline_flasher/bl602_flash_programmer/Drivers/STM32F1xx_HAL_Driver/Src/stm32f1xx_hal_spi.c:2974:13:SPI_DMAHalfTransmitCplt	8	static
/home/rita/project/bl602_flash_driver/usb_msc_offline_flasher/bl602_flash_programmer/Drivers/STM32F1xx_HAL_Driver/Src/stm32f1xx_hal_spi.c:2606:13:HAL_SPI_RxHalfCpltCallback	0	static
/home/rita/project/bl602_flash_driver/usb_msc_offline_flasher/bl602_flash_programmer/Drivers/STM32F1xx_HAL_Driver/Src/stm32f1xx_hal_spi.c:2992:13:SPI_DMAHalfReceiveCplt	8	static
/home/rita/project/bl602_flash_driver/usb_msc_offline_flasher/bl602_flash_programmer/Drivers/STM32F1xx_HAL_Driver/Src/stm32f1xx_hal_spi.c:2622:13:HAL_SPI_TxRxHalfCpltCallback	0	static
/home/rita/project/bl602_flash_driver/usb_msc_offline_flasher/bl602_flash_programmer/Drivers/STM32F1xx_HAL_Driver/Src/stm32f1xx_hal_spi.c:3010:13:SPI_DMAHalfTransmitReceiveCplt	8	static
/home/rita/project/bl602_flash_driver/usb_msc_offline_flasher/bl602_flash_programmer/Drivers/STM32F1xx_HAL_Driver/Src/stm32f1xx_hal_spi.c:2638:13:HAL_SPI_ErrorCallback	0	static
/home/rita/project/bl602_flash_driver/usb_msc_offline_flasher/bl602_flash_programmer/Drivers/STM32F1xx_HAL_Driver/Src/stm32f1xx_hal_spi.c:3876:13:SPI_CloseTx_ISR	16	static
/home/rita/project/bl602_flash_driver/usb_msc_offline_flasher/bl602_flash_programmer/Drivers/STM32F1xx_HAL_Driver/Src/stm32f1xx_hal_spi.c:3513:13:SPI_TxISR_8BIT	0	static
/home/rita/project/bl602_flash_driver/usb_msc_offline_flasher/bl602_flash_programmer/Drivers/STM32F1xx_HAL_Driver/Src/stm32f1xx_hal_spi.c:3538:13:SPI_TxISR_16BIT	4	static
/home/rita/project/bl602_flash_driver/usb_msc_offline_flasher/bl602_flash_programmer/Drivers/STM32F1xx_HAL_Driver/Src/stm32f1xx_hal_spi.c:3802:13:SPI_CloseRx_ISR	16	static
/home/rita/project/bl602_flash_driver/usb_msc_offline_flasher/bl602_flash_programmer/Drivers/STM32F1xx_HAL_Driver/Src/stm32f1xx_hal_spi.c:3410:13:SPI_RxISR_8BIT	0	static
/home/rita/project/bl602_flash_driver/usb_msc_offline_flasher/bl602_flash_programmer/Drivers/STM32F1xx_HAL_Driver/Src/stm32f1xx_hal_spi.c:3473:13:SPI_RxISR_16BIT	0	static
/home/rita/project/bl602_flash_driver/usb_msc_offline_flasher/bl602_flash_programmer/Drivers/STM32F1xx_HAL_Driver/Src/stm32f1xx_hal_spi.c:3696:13:SPI_CloseRxTx_ISR	16	static
/home/rita/project/bl602_flash_driver/usb_msc_offline_flasher/bl602_flash_programmer/Drivers/STM32F1xx_HAL_Driver/Src/stm32f1xx_hal_spi.c:3258:13:SPI_2linesTxISR_8BIT	0	static
/home/rita/project/bl602_flash_driver/usb_msc_offline_flasher/bl602_flash_programmer/Drivers/STM32F1xx_HAL_Driver/Src/stm32f1xx_hal_spi.c:3195:13:SPI_2linesRxISR_8BIT	0	static
/home/rita/project/bl602_flash_driver/usb_msc_offline_flasher/bl602_flash_programmer/Drivers/STM32F1xx_HAL_Driver/Src/stm32f1xx_hal_spi.c:3350:13:SPI_2linesTxISR_16BIT	4	static
/home/rita/project/bl602_flash_driver/usb_msc_offline_flasher/bl602_flash_programmer/Drivers/STM32F1xx_HAL_Driver/Src/stm32f1xx_hal_spi.c:3294:13:SPI_2linesRxISR_16BIT	4	static
/home/rita/project/bl602_flash_driver/usb_msc_offline_flasher/bl602_flash_programmer/Drivers/STM32F1xx_HAL_Driver/Src/stm32f1xx_hal_spi.c:3028:13:SPI_DMAError	8	static
/home/rita/project/bl602_flash_driver/usb_msc_offline_flasher/bl602_flash_programmer/Drivers/STM32F1xx_HAL_Driver/Src/stm32f1xx_hal_spi.c:2728:13:SPI_DMATransmitCplt	24	static
/home/rita/project/bl602_flash_driver/usb_msc_offline_flasher/bl602_flash_programmer/Drivers/STM32F1xx_HAL_Driver/Src/stm32f1xx_hal_spi.c:2785:13:SPI_DMAReceiveCplt	16	static
/home/rita/project/bl602_flash_driver/usb_msc_offline_flasher/bl602_flash_programmer/Drivers/STM32F1xx_HAL_Driver/Src/stm32f1xx_hal_spi.c:2884:13:SPI_DMATransmitReceiveCplt	16	static
/home/rita/project/bl602_flash_driver/usb_msc_offline_flasher/bl602_flash_programmer/Drivers/STM32F1xx_HAL_Driver/Src/stm32f1xx_hal_spi.c:2440:6:HAL_SPI_IRQHandler	40	static
/home/rita/project/bl602_flash_driver/usb_msc_offline_flasher/bl602_flash_programmer/Drivers/STM32F1xx_HAL_Driver/Src/stm32f1xx_hal_spi.c:3051:13:SPI_DMAAbortOnError	8	static
/home/rita/project/bl602_flash_driver/usb_msc_offline_flasher/bl602_flash_programmer/Drivers/STM32F1xx_HAL_Driver/Src/stm32f1xx_hal_spi.c:2656:13:HAL_SPI_AbortCpltCallback	0	static
/home/rita/project/bl602_flash_driver/usb_msc_offline_flasher/bl602_flash_programmer/Drivers/STM32F1xx_HAL_Driver/Src/stm32f1xx_hal_spi.c:2198:19:HAL_SPI_Abort_IT	32	static
/home/rita/project/bl602_flash_driver/usb_msc_offline_flasher/bl602_flash_programmer/Drivers/STM32F1xx_HAL_Driver/Src/stm32f1xx_hal_spi.c:3137:13:SPI_DMARxAbortCallback	16	static
/home/rita/project/bl602_flash_driver/usb_msc_offline_flasher/bl602_flash_programmer/Drivers/STM32F1xx_HAL_Driver/Src/stm32f1xx_hal_spi.c:3073:13:SPI_DMATxAbortCallback	16	static
/home/rita/project/bl602_flash_driver/usb_msc_offline_flasher/bl602_flash_programmer/Drivers/STM32F1xx_HAL_Driver/Src/stm32f1xx_hal_spi.c:2691:22:HAL_SPI_GetState	0	static
/home/rita/project/bl602_flash_driver/usb_msc_offline_flasher/bl602_flash_programmer/Drivers/STM32F1xx_HAL_Driver/Src/stm32f1xx_hal_spi.c:2703:10:HAL_SPI_GetError	0	static
