/home/rita/project/bl602_flash_driver/usb_msc_offline_flasher/bl602_flash_programmer/Drivers/STM32F1xx_HAL_Driver/Src/stm32f1xx_hal_cortex.c:142:6:HAL_NVIC_SetPriorityGrouping	0	static
/home/rita/project/bl602_flash_driver/usb_msc_offline_flasher/bl602_flash_programmer/Drivers/STM32F1xx_HAL_Driver/Src/stm32f1xx_hal_cortex.c:164:6:HAL_NVIC_SetPriority	12	static
/home/rita/project/bl602_flash_driver/usb_msc_offline_flasher/bl602_flash_programmer/Drivers/STM32F1xx_HAL_Driver/Src/stm32f1xx_hal_cortex.c:186:6:HAL_NVIC_EnableIRQ	0	static
/home/rita/project/bl602_flash_driver/usb_msc_offline_flasher/bl602_flash_programmer/Drivers/STM32F1xx_HAL_Driver/Src/stm32f1xx_hal_cortex.c:202:6:HAL_NVIC_DisableIRQ	0	static
/home/rita/project/bl602_flash_driver/usb_msc_offline_flasher/bl602_flash_programmer/Drivers/STM32F1xx_HAL_Driver/Src/stm32f1xx_hal_cortex.c:215:6:HAL_NVIC_SystemReset	0	static
/home/rita/project/bl602_flash_driver/usb_msc_offline_flasher/bl602_flash_programmer/Drivers/STM32F1xx_HAL_Driver/Src/stm32f1xx_hal_cortex.c:228:10:HAL_SYSTICK_Config	0	static
/home/rita/project/bl602_flash_driver/usb_msc_offline_flasher/bl602_flash_programmer/Drivers/STM32F1xx_HAL_Driver/Src/stm32f1xx_hal_cortex.c:369:10:HAL_NVIC_GetPriorityGrouping	0	static
/home/rita/project/bl602_flash_driver/usb_msc_offline_flasher/bl602_flash_programmer/Drivers/STM32F1xx_HAL_Driver/Src/stm32f1xx_hal_cortex.c:396:6:HAL_NVIC_GetPriority	16	static
/home/rita/project/bl602_flash_driver/usb_msc_offline_flasher/bl602_flash_programmer/Drivers/STM32F1xx_HAL_Driver/Src/stm32f1xx_hal_cortex.c:411:6:HAL_NVIC_SetPendingIRQ	0	static
/home/rita/project/bl602_flash_driver/usb_msc_offline_flasher/bl602_flash_programmer/Drivers/STM32F1xx_HAL_Driver/Src/stm32f1xx_hal_cortex.c:429:10:HAL_NVIC_GetPendingIRQ	0	static
/home/rita/project/bl602_flash_driver/usb_msc_offline_flasher/bl602_flash_programmer/Drivers/STM32F1xx_HAL_Driver/Src/stm32f1xx_hal_cortex.c:445:6:HAL_NVIC_ClearPendingIRQ	0	static
/home/rita/project/bl602_flash_driver/usb_msc_offline_flasher/bl602_flash_programmer/Drivers/STM32F1xx_HAL_Driver/Src/stm32f1xx_hal_cortex.c:462:10:HAL_NVIC_GetActive	0	static
/home/rita/project/bl602_flash_driver/usb_msc_offline_flasher/bl602_flash_programmer/Drivers/STM32F1xx_HAL_Driver/Src/stm32f1xx_hal_cortex.c:479:6:HAL_SYSTICK_CLKSourceConfig	0	static
/home/rita/project/bl602_flash_driver/usb_msc_offline_flasher/bl602_flash_programmer/Drivers/STM32F1xx_HAL_Driver/Src/stm32f1xx_hal_cortex.c:506:13:HAL_SYSTICK_Callback	0	static
/home/rita/project/bl602_flash_driver/usb_msc_offline_flasher/bl602_flash_programmer/Drivers/STM32F1xx_HAL_Driver/Src/stm32f1xx_hal_cortex.c:497:6:HAL_SYSTICK_IRQHandler	8	static
