/home/rita/project/bl602_flash_driver/usb_msc_offline_flasher/bl602_flash_programmer/Drivers/STM32F1xx_HAL_Driver/Src/stm32f1xx_hal_rcc.c:200:19:HAL_RCC_DeInit	16	static
/home/rita/project/bl602_flash_driver/usb_msc_offline_flasher/bl602_flash_programmer/Drivers/STM32F1xx_HAL_Driver/Src/stm32f1xx_hal_rcc.c:345:19:HAL_RCC_OscConfig	32	static
/home/rita/project/bl602_flash_driver/usb_msc_offline_flasher/bl602_flash_programmer/Drivers/STM32F1xx_HAL_Driver/Src/stm32f1xx_hal_rcc.c:1000:6:HAL_RCC_MCOConfig	40	static
/home/rita/project/bl602_flash_driver/usb_msc_offline_flasher/bl602_flash_programmer/Drivers/STM32F1xx_HAL_Driver/Src/stm32f1xx_hal_rcc.c:1037:6:HAL_RCC_EnableCSS	0	static
/home/rita/project/bl602_flash_driver/usb_msc_offline_flasher/bl602_flash_programmer/Drivers/STM32F1xx_HAL_Driver/Src/stm32f1xx_hal_rcc.c:1046:6:HAL_RCC_DisableCSS	0	static
/home/rita/project/bl602_flash_driver/usb_msc_offline_flasher/bl602_flash_programmer/Drivers/STM32F1xx_HAL_Driver/Src/stm32f1xx_hal_rcc.c:1080:10:HAL_RCC_GetSysClockFreq	0	static
/home/rita/project/bl602_flash_driver/usb_msc_offline_flasher/bl602_flash_programmer/Drivers/STM32F1xx_HAL_Driver/Src/stm32f1xx_hal_rcc.c:811:19:HAL_RCC_ClockConfig	24	static
/home/rita/project/bl602_flash_driver/usb_msc_offline_flasher/bl602_flash_programmer/Drivers/STM32F1xx_HAL_Driver/Src/stm32f1xx_hal_rcc.c:1174:10:HAL_RCC_GetHCLKFreq	0	static
/home/rita/project/bl602_flash_driver/usb_msc_offline_flasher/bl602_flash_programmer/Drivers/STM32F1xx_HAL_Driver/Src/stm32f1xx_hal_rcc.c:1185:10:HAL_RCC_GetPCLK1Freq	0	static
/home/rita/project/bl602_flash_driver/usb_msc_offline_flasher/bl602_flash_programmer/Drivers/STM32F1xx_HAL_Driver/Src/stm32f1xx_hal_rcc.c:1197:10:HAL_RCC_GetPCLK2Freq	0	static
/home/rita/project/bl602_flash_driver/usb_msc_offline_flasher/bl602_flash_programmer/Drivers/STM32F1xx_HAL_Driver/Src/stm32f1xx_hal_rcc.c:1210:6:HAL_RCC_GetOscConfig	0	static
/home/rita/project/bl602_flash_driver/usb_msc_offline_flasher/bl602_flash_programmer/Drivers/STM32F1xx_HAL_Driver/Src/stm32f1xx_hal_rcc.c:1310:6:HAL_RCC_GetClockConfig	0	static
/home/rita/project/bl602_flash_driver/usb_msc_offline_flasher/bl602_flash_programmer/Drivers/STM32F1xx_HAL_Driver/Src/stm32f1xx_hal_rcc.c:1377:13:HAL_RCC_CSSCallback	0	static
/home/rita/project/bl602_flash_driver/usb_msc_offline_flasher/bl602_flash_programmer/Drivers/STM32F1xx_HAL_Driver/Src/stm32f1xx_hal_rcc.c:1345:6:HAL_RCC_NMI_IRQHandler	8	static
