/home/rita/project/bl602_flash_driver/usb_msc_offline_flasher/bl602_flash_programmer/Drivers/STM32F1xx_HAL_Driver/Src/stm32f1xx_hal_rtc_ex.c:80:19:HAL_RTCEx_SetTamper	16	static
/home/rita/project/bl602_flash_driver/usb_msc_offline_flasher/bl602_flash_programmer/Drivers/STM32F1xx_HAL_Driver/Src/stm32f1xx_hal_rtc_ex.c:126:19:HAL_RTCEx_SetTamper_IT	16	static
/home/rita/project/bl602_flash_driver/usb_msc_offline_flasher/bl602_flash_programmer/Drivers/STM32F1xx_HAL_Driver/Src/stm32f1xx_hal_rtc_ex.c:174:19:HAL_RTCEx_DeactivateTamper	0	static
/home/rita/project/bl602_flash_driver/usb_msc_offline_flasher/bl602_flash_programmer/Drivers/STM32F1xx_HAL_Driver/Src/stm32f1xx_hal_rtc_ex.c:246:13:HAL_RTCEx_Tamper1EventCallback	0	static
/home/rita/project/bl602_flash_driver/usb_msc_offline_flasher/bl602_flash_programmer/Drivers/STM32F1xx_HAL_Driver/Src/stm32f1xx_hal_rtc_ex.c:216:6:HAL_RTCEx_TamperIRQHandler	16	static
/home/rita/project/bl602_flash_driver/usb_msc_offline_flasher/bl602_flash_programmer/Drivers/STM32F1xx_HAL_Driver/Src/stm32f1xx_hal_rtc_ex.c:262:19:HAL_RTCEx_PollForTamper1Event	24	static
/home/rita/project/bl602_flash_driver/usb_msc_offline_flasher/bl602_flash_programmer/Drivers/STM32F1xx_HAL_Driver/Src/stm32f1xx_hal_rtc_ex.c:318:19:HAL_RTCEx_SetSecond_IT	0	static
/home/rita/project/bl602_flash_driver/usb_msc_offline_flasher/bl602_flash_programmer/Drivers/STM32F1xx_HAL_Driver/Src/stm32f1xx_hal_rtc_ex.c:348:19:HAL_RTCEx_DeactivateSecond	0	static
/home/rita/project/bl602_flash_driver/usb_msc_offline_flasher/bl602_flash_programmer/Drivers/STM32F1xx_HAL_Driver/Src/stm32f1xx_hal_rtc_ex.c:418:13:HAL_RTCEx_RTCEventCallback	0	static
/home/rita/project/bl602_flash_driver/usb_msc_offline_flasher/bl602_flash_programmer/Drivers/STM32F1xx_HAL_Driver/Src/stm32f1xx_hal_rtc_ex.c:433:13:HAL_RTCEx_RTCEventErrorCallback	0	static
/home/rita/project/bl602_flash_driver/usb_msc_offline_flasher/bl602_flash_programmer/Drivers/STM32F1xx_HAL_Driver/Src/stm32f1xx_hal_rtc_ex.c:378:6:HAL_RTCEx_RTCIRQHandler	8	static
/home/rita/project/bl602_flash_driver/usb_msc_offline_flasher/bl602_flash_programmer/Drivers/STM32F1xx_HAL_Driver/Src/stm32f1xx_hal_rtc_ex.c:473:6:HAL_RTCEx_BKUPWrite	0	static
/home/rita/project/bl602_flash_driver/usb_msc_offline_flasher/bl602_flash_programmer/Drivers/STM32F1xx_HAL_Driver/Src/stm32f1xx_hal_rtc_ex.c:498:10:HAL_RTCEx_BKUPRead	0	static
/home/rita/project/bl602_flash_driver/usb_msc_offline_flasher/bl602_flash_programmer/Drivers/STM32F1xx_HAL_Driver/Src/stm32f1xx_hal_rtc_ex.c:528:19:HAL_RTCEx_SetSmoothCalib	0	static
