/home/rita/project/bl602_flash_driver/usb_msc_offline_flasher/bl602_flash_programmer/Core/Src/stm32f1xx_hal_msp.c:63:6:HAL_MspInit	8	static
/home/rita/project/bl602_flash_driver/usb_msc_offline_flasher/bl602_flash_programmer/Core/Src/stm32f1xx_hal_msp.c:90:6:HAL_RTC_MspInit	16	static
/home/rita/project/bl602_flash_driver/usb_msc_offline_flasher/bl602_flash_programmer/Core/Src/stm32f1xx_hal_msp.c:116:6:HAL_RTC_MspDeInit	0	static
/home/rita/project/bl602_flash_driver/usb_msc_offline_flasher/bl602_flash_programmer/Core/Src/stm32f1xx_hal_msp.c:138:6:HAL_SPI_MspInit	40	static
/home/rita/project/bl602_flash_driver/usb_msc_offline_flasher/bl602_flash_programmer/Core/Src/stm32f1xx_hal_msp.c:196:6:HAL_SPI_MspDeInit	8	static
/home/rita/project/bl602_flash_driver/usb_msc_offline_flasher/bl602_flash_programmer/Core/Src/stm32f1xx_hal_msp.c:228:6:HAL_UART_MspInit	40	static
/home/rita/project/bl602_flash_driver/usb_msc_offline_flasher/bl602_flash_programmer/Core/Src/stm32f1xx_hal_msp.c:288:6:HAL_UART_MspDeInit	0	static
